Archive member included to satisfy reference by file (symbol)

../../libDaisy/build/libdaisy.a(daisy_petal.o)
                              build/Neptune.o (daisy::DaisyPetal::StartAudio(void (*)(float const* const*, float**, unsigned int)))
../../libDaisy/build/libdaisy.a(daisy_seed.o)
                              ../../libDaisy/build/libdaisy.a(daisy_petal.o) (daisy::DaisySeed::Configure())
../../libDaisy/build/libdaisy.a(codec_ak4556.o)
                              ../../libDaisy/build/libdaisy.a(daisy_seed.o) (daisy::Ak4556::Init(dsy_gpio_pin))
../../libDaisy/build/libdaisy.a(codec_wm8731.o)
                              ../../libDaisy/build/libdaisy.a(daisy_seed.o) (daisy::Wm8731::Init(daisy::Wm8731::Config const&, daisy::I2CHandle))
../../libDaisy/build/libdaisy.a(sdram.o)
                              ../../libDaisy/build/libdaisy.a(daisy_seed.o) (SdramHandle::Init())
../../libDaisy/build/libdaisy.a(audio.o)
                              ../../libDaisy/build/libdaisy.a(daisy_seed.o) (daisy::AudioHandle::Init(daisy::AudioHandle::Config const&, daisy::SaiHandle))
../../libDaisy/build/libdaisy.a(ctrl.o)
                              ../../libDaisy/build/libdaisy.a(daisy_petal.o) (daisy::AnalogControl::Init(unsigned short*, float, bool, bool, float))
../../libDaisy/build/libdaisy.a(encoder.o)
                              ../../libDaisy/build/libdaisy.a(daisy_petal.o) (daisy::Encoder::Init(dsy_gpio_pin, dsy_gpio_pin, dsy_gpio_pin, float))
../../libDaisy/build/libdaisy.a(switch.o)
                              ../../libDaisy/build/libdaisy.a(daisy_petal.o) (daisy::Switch::Init(dsy_gpio_pin, float))
../../libDaisy/build/libdaisy.a(adc.o)
                              ../../libDaisy/build/libdaisy.a(daisy_petal.o) (daisy::AdcChannelConfig::InitSingle(dsy_gpio_pin, daisy::AdcChannelConfig::ConversionSpeed))
../../libDaisy/build/libdaisy.a(gpio.o)
                              ../../libDaisy/build/libdaisy.a(daisy_seed.o) (daisy::GPIO::Init(daisy::Pin, daisy::GPIO::Mode, daisy::GPIO::Pull, daisy::GPIO::Speed))
../../libDaisy/build/libdaisy.a(i2c.o)
                              ../../libDaisy/build/libdaisy.a(daisy_petal.o) (daisy::I2CHandle::Init(daisy::I2CHandle::Config const&))
../../libDaisy/build/libdaisy.a(qspi.o)
                              ../../libDaisy/build/libdaisy.a(daisy_seed.o) (daisy::QSPIHandle::Init(daisy::QSPIHandle::Config const&))
../../libDaisy/build/libdaisy.a(sai.o)
                              ../../libDaisy/build/libdaisy.a(daisy_seed.o) (daisy::SaiHandle::Init(daisy::SaiHandle::Config const&))
../../libDaisy/build/libdaisy.a(system.o)
                              ../../libDaisy/build/libdaisy.a(daisy_seed.o) (daisy::System::DeInit())
../../libDaisy/build/libdaisy.a(system_stm32h7xx.o)
                              build/startup_stm32h750xx.o (SystemInit)
../../libDaisy/build/libdaisy.a(usbd_conf.o)
                              ../../libDaisy/build/libdaisy.a(system.o) (hpcd_USB_OTG_HS)
../../libDaisy/build/libdaisy.a(usbh_conf.o)
                              ../../libDaisy/build/libdaisy.a(system.o) (hhcd_USB_OTG_HS)
../../libDaisy/build/libdaisy.a(hal_map.o)
                              ../../libDaisy/build/libdaisy.a(gpio.o) (dsy_hal_map_get_port)
../../libDaisy/build/libdaisy.a(stm32h7xx_hal.o)
                              ../../libDaisy/build/libdaisy.a(system.o) (HAL_Init)
../../libDaisy/build/libdaisy.a(stm32h7xx_hal_adc.o)
                              ../../libDaisy/build/libdaisy.a(adc.o) (HAL_ADC_ConfigChannel)
../../libDaisy/build/libdaisy.a(stm32h7xx_hal_adc_ex.o)
                              ../../libDaisy/build/libdaisy.a(adc.o) (HAL_ADCEx_Calibration_Start)
../../libDaisy/build/libdaisy.a(stm32h7xx_hal_cortex.o)
                              ../../libDaisy/build/libdaisy.a(stm32h7xx_hal.o) (HAL_NVIC_SetPriorityGrouping)
../../libDaisy/build/libdaisy.a(stm32h7xx_hal_dma.o)
                              ../../libDaisy/build/libdaisy.a(adc.o) (HAL_DMA_Init)
../../libDaisy/build/libdaisy.a(stm32h7xx_hal_gpio.o)
                              ../../libDaisy/build/libdaisy.a(sdram.o) (HAL_GPIO_Init)
../../libDaisy/build/libdaisy.a(stm32h7xx_hal_hcd.o)
                              ../../libDaisy/build/libdaisy.a(usbh_conf.o) (HAL_HCD_HC_Init)
../../libDaisy/build/libdaisy.a(stm32h7xx_hal_i2c.o)
                              ../../libDaisy/build/libdaisy.a(i2c.o) (HAL_I2C_Init)
../../libDaisy/build/libdaisy.a(stm32h7xx_hal_i2c_ex.o)
                              ../../libDaisy/build/libdaisy.a(i2c.o) (HAL_I2CEx_ConfigAnalogFilter)
../../libDaisy/build/libdaisy.a(stm32h7xx_hal_pcd.o)
                              ../../libDaisy/build/libdaisy.a(usbd_conf.o) (HAL_PCD_Init)
../../libDaisy/build/libdaisy.a(stm32h7xx_hal_pcd_ex.o)
                              ../../libDaisy/build/libdaisy.a(usbd_conf.o) (HAL_PCDEx_SetTxFiFo)
../../libDaisy/build/libdaisy.a(stm32h7xx_hal_pwr_ex.o)
[...]
Memory Configuration

Name             Origin             Length             Attributes
FLASH            0x08000000         0x00020000         xr
DTCMRAM          0x20000000         0x00020000         xrw
SRAM             0x24000000         0x00080000         xrw
RAM_D2           0x30000000         0x00048000         xrw
RAM_D3           0x38000000         0x00010000         xrw
BACKUP_SRAM      0x38800000         0x00001000         xrw
ITCMRAM          0x00000000         0x00010000         xrw
SDRAM            0xc0000000         0x04000000         xrw
QSPIFLASH        0x90000000         0x00800000         xr
*default*        0x00000000         0xffffffff

Linker script and memory map

LOAD /usr/lib/gcc/arm-none-eabi/15.2.0/thumb/v7e-m+dp/hard/crti.o
LOAD /usr/lib/gcc/arm-none-eabi/15.2.0/thumb/v7e-m+dp/hard/crtbegin.o
LOAD /usr/lib/gcc/arm-none-eabi/15.2.0/../../../../arm-none-eabi/lib/thumb/v7e-m+dp/hard/crt0.o
LOAD build/startup_stm32h750xx.o
LOAD build/Neptune.o
LOAD ../../libDaisy/build/libdaisy.a
LOAD /usr/lib/gcc/arm-none-eabi/15.2.0/../../../../arm-none-eabi/lib/thumb/v7e-m+dp/hard/libnosys.a
LOAD ../../DaisySP/build/libdaisysp.a
LOAD /usr/lib/gcc/arm-none-eabi/15.2.0/../../../../arm-none-eabi/lib/thumb/v7e-m+dp/hard/libstdc++_nano.a
LOAD /usr/lib/gcc/arm-none-eabi/15.2.0/../../../../arm-none-eabi/lib/thumb/v7e-m+dp/hard/libm.a
LOAD /usr/lib/gcc/arm-none-eabi/15.2.0/../../../../arm-none-eabi/lib/thumb/v7e-m+dp/hard/libc_nano.a
START GROUP
LOAD /usr/lib/gcc/arm-none-eabi/15.2.0/thumb/v7e-m+dp/hard/libgcc.a
LOAD /usr/lib/gcc/arm-none-eabi/15.2.0/../../../../arm-none-eabi/lib/thumb/v7e-m+dp/hard/libc_nano.a
END GROUP
START GROUP
LOAD /usr/lib/gcc/arm-none-eabi/15.2.0/thumb/v7e-m+dp/hard/libgcc.a
LOAD /usr/lib/gcc/arm-none-eabi/15.2.0/../../../../arm-none-eabi/lib/thumb/v7e-m+dp/hard/libc_nano.a
LOAD /usr/lib/gcc/arm-none-eabi/15.2.0/../../../../arm-none-eabi/lib/thumb/v7e-m+dp/hard/libnosys.a
END GROUP
START GROUP
LOAD /usr/lib/gcc/arm-none-eabi/15.2.0/thumb/v7e-m+dp/hard/libgcc.a
LOAD /usr/lib/gcc/arm-none-eabi/15.2.0/../../../../arm-none-eabi/lib/thumb/v7e-m+dp/hard/libc_nano.a
LOAD /usr/lib/gcc/arm-none-eabi/15.2.0/../../../../arm-none-eabi/lib/thumb/v7e-m+dp/hard/libnosys.a
END GROUP
LOAD /usr/lib/gcc/arm-none-eabi/15.2.0/thumb/v7e-m+dp/hard/crtend.o
LOAD /usr/lib/gcc/arm-none-eabi/15.2.0/thumb/v7e-m+dp/hard/crtn.o
                0x20020000                        _estack = 0x20020000

.isr_vector     0x08000000      0x298
                0x08000000                        . = ALIGN (0x4)
 *(.isr_vector)
 .isr_vector    0x08000000      0x298 build/startup_stm32h750xx.o
                0x08000000                g_pfnVectors
                0x08000298                        . = ALIGN (0x4)

.text           0x08000298    0x12834
                0x08000298                        . = ALIGN (0x4)
                0x08000298                        _stext = .
 *(.text)
 .text          0x08000298       0x88 /usr/lib/gcc/arm-none-eabi/15.2.0/thumb/v7e-m+dp/hard/crtbegin.o
 .text          0x08000320       0x30 /usr/lib/gcc/arm-none-eabi/15.2.0/thumb/v7e-m+dp/hard/libgcc.a(_aeabi_uldivmod.o)
                0x08000320                __aeabi_uldivmod
 .text          0x08000350      0x320 /usr/lib/gcc/arm-none-eabi/15.2.0/thumb/v7e-m+dp/hard/libgcc.a(_udivmoddi4.o)
                0x08000350                __udivmoddi4
 .text          0x08000670        0x4 /usr/lib/gcc/arm-none-eabi/15.2.0/thumb/v7e-m+dp/hard/libgcc.a(_dvmd_tls.o)
                0x08000670                __aeabi_ldiv0
                0x08000670                __aeabi_idiv0
 *(.text*)
 .text.Default_Handler
                0x08000674        0x4 build/startup_stm32h750xx.o
                0x08000674                RTC_Alarm_IRQHandler
                0x08000674                HASH_RNG_IRQHandler
                0x08000674                EXTI2_IRQHandler
                0x08000674                TIM8_CC_IRQHandler
                0x08000674                HRTIM1_Master_IRQHandler
                0x08000674                DebugMon_Handler
                0x08000674                TIM1_CC_IRQHandler
                0x08000674                BDMA_Channel6_IRQHandler
                0x08000674                DMA2_Stream5_IRQHandler
                0x08000674                HRTIM1_FLT_IRQHandler
                0x08000674                JPEG_IRQHandler
                0x08000674                BDMA_Channel1_IRQHandler
                0x08000674                HRTIM1_TIMD_IRQHandler
                0x08000674                TAMP_STAMP_IRQHandler
                0x08000674                PendSV_Handler
                0x08000674                NMI_Handler
                0x08000674                EXTI3_IRQHandler
                0x08000674                LPTIM4_IRQHandler
                0x08000674                TIM8_TRG_COM_TIM14_IRQHandler
                0x08000674                LPTIM2_IRQHandler
                0x08000674                DFSDM1_FLT1_IRQHandler
                0x08000674                DMAMUX2_OVR_IRQHandler
                0x08000674                TIM8_UP_TIM13_IRQHandler
                0x08000674                I2C3_ER_IRQHandler
                0x08000674                DFSDM1_FLT2_IRQHandler
                0x08000674                MDMA_IRQHandler
                0x08000674                LPTIM3_IRQHandler
                0x08000674                HSEM1_IRQHandler
                0x08000674                EXTI0_IRQHandler
                0x08000674                FPU_IRQHandler
                0x08000674                OTG_HS_WKUP_IRQHandler
                0x08000674                FDCAN1_IT1_IRQHandler
                0x08000674                UsageFault_Handler
                0x08000674                LTDC_ER_IRQHandler
                0x08000674                HRTIM1_TIME_IRQHandler
                0x08000674                TIM6_DAC_IRQHandler
                0x08000674                DCMI_IRQHandler
                0x08000674                HRTIM1_TIMC_IRQHandler
                0x08000674                SAI2_IRQHandler
                0x08000674                DFSDM1_FLT3_IRQHandler
                0x08000674                TIM17_IRQHandler
                0x08000674                CRYP_IRQHandler
                0x08000674                BDMA_Channel7_IRQHandler
                0x08000674                LPTIM5_IRQHandler
                0x08000674                ADC3_IRQHandler
                0x08000674                DMA2_Stream0_IRQHandler
                0x08000674                BDMA_Channel2_IRQHandler
                0x08000674                DMAMUX1_OVR_IRQHandler
                0x08000674                TIM16_IRQHandler
                0x08000674                BDMA_Channel5_IRQHandler
                0x08000674                RCC_IRQHandler
                0x08000674                TIM8_BRK_TIM12_IRQHandler
                0x08000674                TIM1_TRG_COM_IRQHandler
                0x08000674                Default_Handler
                0x08000674                ECC_IRQHandler
                0x08000674                CEC_IRQHandler
                0x08000674                EXTI15_10_IRQHandler
                0x08000674                BDMA_Channel0_IRQHandler
                0x08000674                ADC_IRQHandler
                0x08000674                DMA1_Stream7_IRQHandler
                0x08000674                HRTIM1_TIMA_IRQHandler
                0x08000674                TIM7_IRQHandler
                0x08000674                SDMMC1_IRQHandler
                0x08000674                DMA2_Stream7_IRQHandler
                0x08000674                TIM15_IRQHandler
                0x08000674                PVD_AVD_IRQHandler
                0x08000674                EXTI9_5_IRQHandler
                0x08000674                RTC_WKUP_IRQHandler
                0x08000674                LTDC_IRQHandler
                0x08000674                SAI3_IRQHandler
                0x08000674                ETH_WKUP_IRQHandler
                0x08000674                SPDIF_RX_IRQHandler
                0x08000674                MemManage_Handler
                0x08000674                SVC_Handler
                0x08000674                CRS_IRQHandler
                0x08000674                EXTI4_IRQHandler
                0x08000674                HRTIM1_TIMB_IRQHandler
                0x08000674                FDCAN2_IT1_IRQHandler
                0x08000674                ETH_IRQHandler
                0x08000674                TIM1_UP_IRQHandler
                0x08000674                BDMA_Channel4_IRQHandler
                0x08000674                WWDG_IRQHandler
                0x08000674                SPI6_IRQHandler
                0x08000674                I2C4_EV_IRQHandler
                0x08000674                MDIOS_IRQHandler
                0x08000674                FDCAN2_IT0_IRQHandler
                0x08000674                FDCAN1_IT0_IRQHandler
                0x08000674                OTG_FS_WKUP_IRQHandler
                0x08000674                DMA2D_IRQHandler
                0x08000674                TIM1_BRK_IRQHandler
                0x08000674                EXTI1_IRQHandler
                0x08000674                SDMMC2_IRQHandler
                0x08000674                OTG_FS_EP1_OUT_IRQHandler
                0x08000674                BDMA_Channel3_IRQHandler
                0x08000674                MDIOS_WKUP_IRQHandler
                0x08000674                DFSDM1_FLT0_IRQHandler
                0x08000674                SAI4_IRQHandler
                0x08000674                I2C2_ER_IRQHandler
                0x08000674                DMA2_Stream1_IRQHandler
                0x08000674                FLASH_IRQHandler
                0x08000674                BusFault_Handler
                0x08000674                OTG_FS_IRQHandler
                0x08000674                WAKEUP_PIN_IRQHandler
                0x08000674                OTG_FS_EP1_IN_IRQHandler
                0x08000674                I2C1_ER_IRQHandler
                0x08000674                FMC_IRQHandler
                0x08000674                FDCAN_CAL_IRQHandler
                0x08000674                SWPMI1_IRQHandler
                0x08000674                COMP1_IRQHandler
                0x08000674                LPTIM1_IRQHandler
                0x08000674                I2C4_ER_IRQHandler
                0x08000674                DMA2_Stream6_IRQHandler
                0x08000674                SAI1_IRQHandler
 .text.Reset_Handler
                0x08000678       0x48 build/startup_stm32h750xx.o
                0x08000678                Reset_Handler
 .text._ZL13AudioCallbackPKPKfPPfj
                0x080006c0      0x2d4 build/Neptune.o
 .text.startup.main
                0x08000994       0xf0 build/Neptune.o
                0x08000994                main
 .text.startup._GLOBAL__sub_I_hw
                0x08000a84       0x4c build/Neptune.o
 .text._ZN5daisy16LedDriverPca9685ILi2ELb1EE14TxCpltCallbackEPvNS_9I2CHandle6ResultE
                0x08000ad0       0x58 ../../libDaisy/build/libdaisy.a(daisy_petal.o)
                0x08000ad0                daisy::LedDriverPca9685<2, true>::TxCpltCallback(void*, daisy::I2CHandle::Result)
 .text._ZN5daisy10DaisyPetal10StartAudioEPFvPKPKfPPfjE
                0x08000b28        0x4 ../../libDaisy/build/libdaisy.a(daisy_petal.o)
                0x08000b28                daisy::DaisyPetal::StartAudio(void (*)(float const* const*, float**, unsigned int))
 .text._ZN5daisy10DaisyPetal17SetAudioBlockSizeEj
                0x08000b2c       0x4c ../../libDaisy/build/libdaisy.a(daisy_petal.o)
                0x08000b2c                daisy::DaisyPetal::SetAudioBlockSize(unsigned int)
 .text._ZN5daisy10DaisyPetal15AudioSampleRateEv
                0x08000b78        0x4 ../../libDaisy/build/libdaisy.a(daisy_petal.o)
                0x08000b78                daisy::DaisyPetal::AudioSampleRate()
 .text._ZN5daisy10DaisyPetal9ClearLedsEv
                0x08000b7c      0x194 ../../libDaisy/build/libdaisy.a(daisy_petal.o)
                0x08000b7c                daisy::DaisyPetal::ClearLeds()
 .text._ZN5daisy10DaisyPetal8InitLedsEv
                0x08000d10      0x2d8 ../../libDaisy/build/libdaisy.a(daisy_petal.o)
                0x08000d10                daisy::DaisyPetal::InitLeds()
 .text._ZN5daisy10DaisyPetal18InitAnalogControlsEv
                0x08000fe8      0x104 ../../libDaisy/build/libdaisy.a(daisy_petal.o)
                0x08000fe8                daisy::DaisyPetal::InitAnalogControls()
 .text._ZN5daisy10DaisyPetal4InitEb
                0x080010ec       0xdc ../../libDaisy/build/libdaisy.a(daisy_petal.o)
                0x080010ec                daisy::DaisyPetal::Init(bool)
 .text.startup._GLOBAL__sub_I__ZN5daisy10DaisyPetal4InitEb
                0x080011c8       0x1c ../../libDaisy/build/libdaisy.a(daisy_petal.o)
 .text._ZN5daisy9DaisySeed9ConfigureEv
                0x080011e4        0x4 ../../libDaisy/build/libdaisy.a(daisy_seed.o)
                0x080011e4                daisy::DaisySeed::Configure()
 .text._ZN5daisy9DaisySeed10StartAudioEPFvPKPKfPPfjE
                0x080011e8        0x8 ../../libDaisy/build/libdaisy.a(daisy_seed.o)
                0x080011e8                daisy::DaisySeed::StartAudio(void (*)(float const* const*, float**, unsigned int))
 .text._ZN5daisy9DaisySeed15AudioSampleRateEv
                0x080011f0        0x8 ../../libDaisy/build/libdaisy.a(daisy_seed.o)
                0x080011f0                daisy::DaisySeed::AudioSampleRate()
 .text._ZN5daisy9DaisySeed17SetAudioBlockSizeEj
                0x080011f8       0x38 ../../libDaisy/build/libdaisy.a(daisy_seed.o)
                0x080011f8                daisy::DaisySeed::SetAudioBlockSize(unsigned int)
 .text._ZNK5daisy9DaisySeed17AudioCallbackRateEv
                0x08001230        0x8 ../../libDaisy/build/libdaisy.a(daisy_seed.o)
                0x08001230                daisy::DaisySeed::AudioCallbackRate() const
 .text._ZN5daisy9DaisySeed17CheckBoardVersionEv
                0x08001238       0x68 ../../libDaisy/build/libdaisy.a(daisy_seed.o)
                0x08001238                daisy::DaisySeed::CheckBoardVersion()
 .text._ZN5daisy9DaisySeed14ConfigureAudioEv
                0x080012a0      0x100 ../../libDaisy/build/libdaisy.a(daisy_seed.o)
                0x080012a0                daisy::DaisySeed::ConfigureAudio()
 .text._ZN5daisy9DaisySeed4InitEb
                0x080013a0       0xf4 ../../libDaisy/build/libdaisy.a(daisy_seed.o)
                0x080013a0                daisy::DaisySeed::Init(bool)
 .text._ZN5daisy6Ak45564InitE12dsy_gpio_pin
                0x08001494       0x3c ../../libDaisy/build/libdaisy.a(codec_ak4556.o)
                0x08001494                daisy::Ak4556::Init(dsy_gpio_pin)
 .text._ZN5daisy6Wm873120WriteControlRegisterEht
                0x080014d0       0x3c ../../libDaisy/build/libdaisy.a(codec_wm8731.o)
                0x080014d0                daisy::Wm8731::WriteControlRegister(unsigned char, unsigned short)
 .text._ZN5daisy6Wm87314InitERKNS0_6ConfigENS_9I2CHandleE
                0x0800150c      0x1b0 ../../libDaisy/build/libdaisy.a(codec_wm8731.o)
                0x0800150c                daisy::Wm8731::Init(daisy::Wm8731::Config const&, daisy::I2CHandle)
 .text._ZN11SdramHandle10DeviceInitEv
                0x080016bc       0x88 ../../libDaisy/build/libdaisy.a(sdram.o)
                0x080016bc                SdramHandle::DeviceInit()
 *fill*         0x08001744        0x4 
 .text._ZN11SdramHandle4InitEv
                0x08001748       0x88 ../../libDaisy/build/libdaisy.a(sdram.o)
                0x08001748                SdramHandle::Init()
 .text.HAL_SDRAM_MspInit
                0x080017d0      0x19c ../../libDaisy/build/libdaisy.a(sdram.o)
                0x080017d0                HAL_SDRAM_MspInit
 .text._ZN5daisy11AudioHandle4Impl16InternalCallbackEPlS2_j
                0x0800196c      0xdac ../../libDaisy/build/libdaisy.a(audio.o)
                0x0800196c                daisy::AudioHandle::Impl::InternalCallback(long*, long*, unsigned int)
 .text._ZN5daisy11AudioHandle4InitERKNS0_6ConfigENS_9SaiHandleE
                0x08002718       0x74 ../../libDaisy/build/libdaisy.a(audio.o)
                0x08002718                daisy::AudioHandle::Init(daisy::AudioHandle::Config const&, daisy::SaiHandle)
 .text._ZNK5daisy11AudioHandle9GetConfigEv
                0x0800278c        0x8 ../../libDaisy/build/libdaisy.a(audio.o)
                0x0800278c                daisy::AudioHandle::GetConfig() const
 .text._ZN5daisy11AudioHandle12SetBlockSizeEj
                0x08002794       0x1c ../../libDaisy/build/libdaisy.a(audio.o)
                0x08002794                daisy::AudioHandle::SetBlockSize(unsigned int)
 .text._ZN5daisy11AudioHandle13GetSampleRateEv
                0x080027b0        0x8 ../../libDaisy/build/libdaisy.a(audio.o)
                0x080027b0                daisy::AudioHandle::GetSampleRate()
 .text._ZN5daisy11AudioHandle5StartEPFvPKPKfPPfjE
                0x080027b8       0x44 ../../libDaisy/build/libdaisy.a(audio.o)
                0x080027b8                daisy::AudioHandle::Start(void (*)(float const* const*, float**, unsigned int))
 .text.startup._GLOBAL__sub_I__ZN5daisy11AudioHandle4Impl4InitENS0_6ConfigENS_9SaiHandleE
                0x080027fc       0x20 ../../libDaisy/build/libdaisy.a(audio.o)
 .text._ZN5daisy13AnalogControl4InitEPtfbbf
                0x0800281c       0x64 ../../libDaisy/build/libdaisy.a(ctrl.o)
                0x0800281c                daisy::AnalogControl::Init(unsigned short*, float, bool, bool, float)
 .text._ZN5daisy13AnalogControl13SetSampleRateEf
                0x08002880       0x50 ../../libDaisy/build/libdaisy.a(ctrl.o)
                0x08002880                daisy::AnalogControl::SetSampleRate(float)
 .text._ZN5daisy7Encoder4InitE12dsy_gpio_pinS1_S1_f
                0x080028d0       0x60 ../../libDaisy/build/libdaisy.a(encoder.o)
                0x080028d0                daisy::Encoder::Init(dsy_gpio_pin, dsy_gpio_pin, dsy_gpio_pin, float)
 .text._ZN5daisy6Switch4InitE12dsy_gpio_pinf
                0x08002930       0x30 ../../libDaisy/build/libdaisy.a(switch.o)
                0x08002930                daisy::Switch::Init(dsy_gpio_pin, float)
 .text._ZN5daisy16AdcChannelConfig10InitSingleE12dsy_gpio_pinNS0_15ConversionSpeedE
                0x08002960       0x24 ../../libDaisy/build/libdaisy.a(adc.o)
                0x08002960                daisy::AdcChannelConfig::InitSingle(dsy_gpio_pin, daisy::AdcChannelConfig::ConversionSpeed)
 .text._ZN5daisy9AdcHandle4InitEPNS_16AdcChannelConfigEjNS0_12OverSamplingE
                0x08002984      0x3f0 ../../libDaisy/build/libdaisy.a(adc.o)
                0x08002984                daisy::AdcHandle::Init(daisy::AdcChannelConfig*, unsigned int, daisy::AdcHandle::OverSampling)
 .text._ZNK5daisy9AdcHandle6GetPtrEh
                0x08002d74       0x18 ../../libDaisy/build/libdaisy.a(adc.o)
                0x08002d74                daisy::AdcHandle::GetPtr(unsigned char) const
 .text.HAL_ADC_MspInit
                0x08002d8c       0x9c ../../libDaisy/build/libdaisy.a(adc.o)
                0x08002d8c                HAL_ADC_MspInit
 .text.DMA1_Stream2_IRQHandler
                0x08002e28        0xc ../../libDaisy/build/libdaisy.a(adc.o)
                0x08002e28                DMA1_Stream2_IRQHandler
 .text._ZN5daisy4GPIO4InitENS_3PinENS0_4ModeENS0_4PullENS0_5SpeedE
                0x08002e34      0x224 ../../libDaisy/build/libdaisy.a(gpio.o)
                0x08002e34                daisy::GPIO::Init(daisy::Pin, daisy::GPIO::Mode, daisy::GPIO::Pull, daisy::GPIO::Speed)
 .text._ZN5daisy4GPIO4ReadEv
                0x08003058       0x18 ../../libDaisy/build/libdaisy.a(gpio.o)
                0x08003058                daisy::GPIO::Read()
 .text._ZN5daisy4GPIO5WriteEb
                0x08003070       0x14 ../../libDaisy/build/libdaisy.a(gpio.o)
                0x08003070                daisy::GPIO::Write(bool)
 .text.dsy_gpio_init
                0x08003084      0x1bc ../../libDaisy/build/libdaisy.a(gpio.o)
                0x08003084                dsy_gpio_init
 .text.dsy_gpio_write
                0x08003240       0x24 ../../libDaisy/build/libdaisy.a(gpio.o)
                0x08003240                dsy_gpio_write
 .text._ZN5daisy9I2CHandle4Impl20StartDmaTransmissionEtPhtPFvPvNS0_6ResultEES3_
                0x08003264       0xe8 ../../libDaisy/build/libdaisy.a(i2c.o)
                0x08003264                daisy::I2CHandle::Impl::StartDmaTransmission(unsigned short, unsigned char*, unsigned short, void (*)(void*, daisy::I2CHandle::Result), void*)
 .text._ZN5daisy9I2CHandle4Impl17StartDmaReceptionEtPhtPFvPvNS0_6ResultEES3_
                0x0800334c       0xe4 ../../libDaisy/build/libdaisy.a(i2c.o)
                0x0800334c                daisy::I2CHandle::Impl::StartDmaReception(unsigned short, unsigned char*, unsigned short, void (*)(void*, daisy::I2CHandle::Result), void*)
 .text._ZN5daisy9I2CHandle4Impl8InitPinsEv
                0x08003430       0x50 ../../libDaisy/build/libdaisy.a(i2c.o)
                0x08003430                daisy::I2CHandle::Impl::InitPins()
 .text.HAL_I2C_MspInit
                0x08003480      0x1c8 ../../libDaisy/build/libdaisy.a(i2c.o)
                0x08003480                HAL_I2C_MspInit
 .text.dsy_i2c_global_init
                0x08003648       0x40 ../../libDaisy/build/libdaisy.a(i2c.o)
                0x08003648                dsy_i2c_global_init
 .text.DMA1_Stream6_IRQHandler
                0x08003688       0x40 ../../libDaisy/build/libdaisy.a(i2c.o)
                0x08003688                DMA1_Stream6_IRQHandler
 .text.I2C1_EV_IRQHandler
                0x080036c8        0xc ../../libDaisy/build/libdaisy.a(i2c.o)
                0x080036c8                I2C1_EV_IRQHandler
 .text.I2C2_EV_IRQHandler
                0x080036d4        0xc ../../libDaisy/build/libdaisy.a(i2c.o)
                0x080036d4                I2C2_EV_IRQHandler
 .text.I2C3_EV_IRQHandler
                0x080036e0        0xc ../../libDaisy/build/libdaisy.a(i2c.o)
                0x080036e0                I2C3_EV_IRQHandler
 .text.HAL_I2C_MasterTxCpltCallback
                0x080036ec       0x94 ../../libDaisy/build/libdaisy.a(i2c.o)
                0x080036ec                HAL_I2C_MasterTxCpltCallback
 .text.HAL_I2C_MasterRxCpltCallback
                0x08003780       0x94 ../../libDaisy/build/libdaisy.a(i2c.o)
                0x08003780                HAL_I2C_MasterRxCpltCallback
 .text.HAL_I2C_SlaveTxCpltCallback
                0x08003814       0x94 ../../libDaisy/build/libdaisy.a(i2c.o)
                0x08003814                HAL_I2C_SlaveTxCpltCallback
 .text.HAL_I2C_SlaveRxCpltCallback
                0x080038a8       0x94 ../../libDaisy/build/libdaisy.a(i2c.o)
                0x080038a8                HAL_I2C_SlaveRxCpltCallback
 .text.HAL_I2C_ErrorCallback
                0x0800393c       0x98 ../../libDaisy/build/libdaisy.a(i2c.o)
                0x0800393c                HAL_I2C_ErrorCallback
 .text._ZN5daisy9I2CHandle4InitERKNS0_6ConfigE
                0x080039d4      0x134 ../../libDaisy/build/libdaisy.a(i2c.o)
                0x080039d4                daisy::I2CHandle::Init(daisy::I2CHandle::Config const&)
 .text._ZNK5daisy9I2CHandle9GetConfigEv
                0x08003b08        0x4 ../../libDaisy/build/libdaisy.a(i2c.o)
                0x08003b08                daisy::I2CHandle::GetConfig() const
 .text._ZN5daisy9I2CHandle16TransmitBlockingEtPhtm
                0x08003b0c       0x50 ../../libDaisy/build/libdaisy.a(i2c.o)
                0x08003b0c                daisy::I2CHandle::TransmitBlocking(unsigned short, unsigned char*, unsigned short, unsigned long)
 .text._ZN5daisy9I2CHandle11TransmitDmaEtPhtPFvPvNS0_6ResultEES2_
                0x08003b5c       0x6c ../../libDaisy/build/libdaisy.a(i2c.o)
                0x08003b5c                daisy::I2CHandle::TransmitDma(unsigned short, unsigned char*, unsigned short, void (*)(void*, daisy::I2CHandle::Result), void*)
 .text.startup._GLOBAL__sub_I__ZN5daisy9I2CHandle4Impl10GlobalInitEv
                0x08003bc8       0x18 ../../libDaisy/build/libdaisy.a(i2c.o)
 .text._ZN5daisy10QSPIHandle4Impl11WriteEnableEv
                0x08003be0       0x8c ../../libDaisy/build/libdaisy.a(qspi.o)
                0x08003be0                daisy::QSPIHandle::Impl::WriteEnable()
 *fill*         0x08003c6c        0x4 
 .text._ZN5daisy10QSPIHandle4Impl17DummyCyclesConfigENS0_6Config6DeviceE
                0x08003c70      0x108 ../../libDaisy/build/libdaisy.a(qspi.o)
                0x08003c70                daisy::QSPIHandle::Impl::DummyCyclesConfig(daisy::QSPIHandle::Config::Device)
 .text._ZN5daisy10QSPIHandle4Impl10QuadEnableEv
                0x08003d78      0x13c ../../libDaisy/build/libdaisy.a(qspi.o)
                0x08003d78                daisy::QSPIHandle::Impl::QuadEnable()
 *fill*         0x08003eb4        0x4 
 .text._ZN5daisy10QSPIHandle4InitERKNS0_6ConfigE
                0x08003eb8      0x188 ../../libDaisy/build/libdaisy.a(qspi.o)
                0x08003eb8                daisy::QSPIHandle::Init(daisy::QSPIHandle::Config const&)
 .text.HAL_QSPI_MspInit
                0x08004040      0x110 ../../libDaisy/build/libdaisy.a(qspi.o)
                0x08004040                HAL_QSPI_MspInit
 .text.HAL_QSPI_MspDeInit
                0x08004150       0x54 ../../libDaisy/build/libdaisy.a(qspi.o)
                0x08004150                HAL_QSPI_MspDeInit
 .text.QUADSPI_IRQHandler
                0x080041a4        0xc ../../libDaisy/build/libdaisy.a(qspi.o)
                0x080041a4                QUADSPI_IRQHandler
 .text.startup._GLOBAL__sub_I__ZN5daisy10QSPIHandle4Impl4InitERKNS0_6ConfigE
                0x080041b0       0x24 ../../libDaisy/build/libdaisy.a(qspi.o)
 .text._ZN5daisy9SaiHandle4Impl8InitPinsEv
                0x080041d4       0xa0 ../../libDaisy/build/libdaisy.a(sai.o)
                0x080041d4                daisy::SaiHandle::Impl::InitPins()
 .text.HAL_SAI_MspInit
                0x08004274      0x2e0 ../../libDaisy/build/libdaisy.a(sai.o)
                0x08004274                HAL_SAI_MspInit
 .text.DMA1_Stream0_IRQHandler
                0x08004554        0xc ../../libDaisy/build/libdaisy.a(sai.o)
                0x08004554                DMA1_Stream0_IRQHandler
 .text.DMA1_Stream1_IRQHandler
                0x08004560        0xc ../../libDaisy/build/libdaisy.a(sai.o)
                0x08004560                DMA1_Stream1_IRQHandler
 .text.DMA1_Stream3_IRQHandler
                0x0800456c        0xc ../../libDaisy/build/libdaisy.a(sai.o)
                0x0800456c                DMA1_Stream3_IRQHandler
 .text.DMA1_Stream4_IRQHandler
                0x08004578        0xc ../../libDaisy/build/libdaisy.a(sai.o)
                0x08004578                DMA1_Stream4_IRQHandler
 .text.HAL_SAI_RxHalfCpltCallback
                0x08004584       0x78 ../../libDaisy/build/libdaisy.a(sai.o)
                0x08004584                HAL_SAI_RxHalfCpltCallback
 .text.HAL_SAI_RxCpltCallback
                0x080045fc       0x70 ../../libDaisy/build/libdaisy.a(sai.o)
                0x080045fc                HAL_SAI_RxCpltCallback
 *fill*         0x0800466c        0x4 
 .text._ZN5daisy9SaiHandle4InitERKNS0_6ConfigE
                0x08004670      0x1fc ../../libDaisy/build/libdaisy.a(sai.o)
                0x08004670                daisy::SaiHandle::Init(daisy::SaiHandle::Config const&)
 .text._ZNK5daisy9SaiHandle9GetConfigEv
                0x0800486c        0x4 ../../libDaisy/build/libdaisy.a(sai.o)
                0x0800486c                daisy::SaiHandle::GetConfig() const
 .text._ZN5daisy9SaiHandle8StartDmaEPlS1_jPFvS1_S1_jE
                0x08004870       0xb4 ../../libDaisy/build/libdaisy.a(sai.o)
                0x08004870                daisy::SaiHandle::StartDma(long*, long*, unsigned int, void (*)(long*, long*, unsigned int))
 .text._ZN5daisy9SaiHandle13GetSampleRateEv
                0x08004924       0x24 ../../libDaisy/build/libdaisy.a(sai.o)
                0x08004924                daisy::SaiHandle::GetSampleRate()
 .text._ZNK5daisy9SaiHandle9GetOffsetEv
                0x08004948        0x8 ../../libDaisy/build/libdaisy.a(sai.o)
                0x08004948                daisy::SaiHandle::GetOffset() const
 .text.SysTick_Handler
                0x08004950       0x10 ../../libDaisy/build/libdaisy.a(system.o)
                0x08004950                SysTick_Handler
 .text.OTG_HS_EP1_OUT_IRQHandler
                0x08004960       0x24 ../../libDaisy/build/libdaisy.a(system.o)
                0x08004960                OTG_HS_EP1_OUT_IRQHandler
 .text.OTG_HS_EP1_IN_IRQHandler
                0x08004984       0x24 ../../libDaisy/build/libdaisy.a(system.o)
                0x08004984                OTG_HS_EP1_IN_IRQHandler
 .text.OTG_HS_IRQHandler
                0x080049a8       0x24 ../../libDaisy/build/libdaisy.a(system.o)
                0x080049a8                OTG_HS_IRQHandler
 .text.HardFault_Handler
                0x080049cc       0xe0 ../../libDaisy/build/libdaisy.a(system.o)
                0x080049cc                HardFault_Handler
 .text._ZN5daisy6System6GetNowEv
                0x08004aac        0x4 ../../libDaisy/build/libdaisy.a(system.o)
                0x08004aac                daisy::System::GetNow()
 .text._ZN5daisy6System5DelayEm
                0x08004ab0        0x4 ../../libDaisy/build/libdaisy.a(system.o)
                0x08004ab0                daisy::System::Delay(unsigned long)
 .text._ZN5daisy6System20GetBootloaderVersionEv
                0x08004ab4       0x34 ../../libDaisy/build/libdaisy.a(system.o)
                0x08004ab4                daisy::System::GetBootloaderVersion()
 .text._ZN5daisy6System15ConfigureClocksEv
                0x08004ae8      0x18c ../../libDaisy/build/libdaisy.a(system.o)
                0x08004ae8                daisy::System::ConfigureClocks()
 .text._ZN5daisy6System12ConfigureMpuEv
                0x08004c74       0x7c ../../libDaisy/build/libdaisy.a(system.o)
                0x08004c74                daisy::System::ConfigureMpu()
 .text._ZN5daisy6System4InitERKNS0_6ConfigE
                0x08004cf0       0xec ../../libDaisy/build/libdaisy.a(system.o)
                0x08004cf0                daisy::System::Init(daisy::System::Config const&)
 .text._ZN5daisy6System12GetPClk1FreqEv
                0x08004ddc        0x4 ../../libDaisy/build/libdaisy.a(system.o)
                0x08004ddc                daisy::System::GetPClk1Freq()
 .text._ZN5daisy6System22GetProgramMemoryRegionEv
                0x08004de0       0x78 ../../libDaisy/build/libdaisy.a(system.o)
                0x08004de0                daisy::System::GetProgramMemoryRegion()
 .text.startup._GLOBAL__sub_I__ZN5daisy9boot_infoE
                0x08004e58        0xc ../../libDaisy/build/libdaisy.a(system.o)
 .text.SystemInit
                0x08004e64       0x98 ../../libDaisy/build/libdaisy.a(system_stm32h7xx.o)
                0x08004e64                SystemInit
 .text.HAL_PCD_SetupStageCallback
                0x08004efc        0xc ../../libDaisy/build/libdaisy.a(usbd_conf.o)
                0x08004efc                HAL_PCD_SetupStageCallback
 .text.HAL_PCD_DataOutStageCallback
                0x08004f08       0x18 ../../libDaisy/build/libdaisy.a(usbd_conf.o)
                0x08004f08                HAL_PCD_DataOutStageCallback
 .text.HAL_PCD_DataInStageCallback
                0x08004f20       0x14 ../../libDaisy/build/libdaisy.a(usbd_conf.o)
                0x08004f20                HAL_PCD_DataInStageCallback
 .text.HAL_PCD_SOFCallback
                0x08004f34        0x8 ../../libDaisy/build/libdaisy.a(usbd_conf.o)
                0x08004f34                HAL_PCD_SOFCallback
 .text.HAL_PCD_ResetCallback
                0x08004f3c       0x2c ../../libDaisy/build/libdaisy.a(usbd_conf.o)
                0x08004f3c                HAL_PCD_ResetCallback
 .text.HAL_PCD_SuspendCallback
                0x08004f68       0x30 ../../libDaisy/build/libdaisy.a(usbd_conf.o)
                0x08004f68                HAL_PCD_SuspendCallback
 .text.HAL_PCD_ResumeCallback
                0x08004f98        0x8 ../../libDaisy/build/libdaisy.a(usbd_conf.o)
                0x08004f98                HAL_PCD_ResumeCallback
 .text.HAL_PCD_ISOOUTIncompleteCallback
                0x08004fa0        0x8 ../../libDaisy/build/libdaisy.a(usbd_conf.o)
                0x08004fa0                HAL_PCD_ISOOUTIncompleteCallback
 .text.HAL_PCD_ISOINIncompleteCallback
                0x08004fa8        0x8 ../../libDaisy/build/libdaisy.a(usbd_conf.o)
                0x08004fa8                HAL_PCD_ISOINIncompleteCallback
 .text.HAL_PCD_ConnectCallback
                0x08004fb0        0x8 ../../libDaisy/build/libdaisy.a(usbd_conf.o)
                0x08004fb0                HAL_PCD_ConnectCallback
 .text.HAL_PCD_DisconnectCallback
                0x08004fb8        0x8 ../../libDaisy/build/libdaisy.a(usbd_conf.o)
                0x08004fb8                HAL_PCD_DisconnectCallback
 .text.USBD_LL_OpenEP
                0x08004fc0       0x1c ../../libDaisy/build/libdaisy.a(usbd_conf.o)
                0x08004fc0                USBD_LL_OpenEP
 .text.USBD_LL_StallEP
                0x08004fdc       0x18 ../../libDaisy/build/libdaisy.a(usbd_conf.o)
                0x08004fdc                USBD_LL_StallEP
 .text.USBD_LL_ClearStallEP
                0x08004ff4       0x18 ../../libDaisy/build/libdaisy.a(usbd_conf.o)
                0x08004ff4                USBD_LL_ClearStallEP
 .text.USBD_LL_IsStallEP
                0x0800500c       0x28 ../../libDaisy/build/libdaisy.a(usbd_conf.o)
                0x0800500c                USBD_LL_IsStallEP
 .text.USBD_LL_SetUSBAddress
                0x08005034       0x18 ../../libDaisy/build/libdaisy.a(usbd_conf.o)
                0x08005034                USBD_LL_SetUSBAddress
 .text.USBD_LL_Transmit
                0x0800504c       0x18 ../../libDaisy/build/libdaisy.a(usbd_conf.o)
                0x0800504c                USBD_LL_Transmit
 .text.USBD_LL_PrepareReceive
                0x08005064       0x18 ../../libDaisy/build/libdaisy.a(usbd_conf.o)
                0x08005064                USBD_LL_PrepareReceive
 .text.HAL_HCD_SOF_Callback
                0x0800507c        0x8 ../../libDaisy/build/libdaisy.a(usbh_conf.o)
                0x0800507c                HAL_HCD_SOF_Callback
 .text.HAL_HCD_Connect_Callback
                0x08005084        0x8 ../../libDaisy/build/libdaisy.a(usbh_conf.o)
                0x08005084                HAL_HCD_Connect_Callback
 .text.HAL_HCD_Disconnect_Callback
                0x0800508c        0x8 ../../libDaisy/build/libdaisy.a(usbh_conf.o)
                0x0800508c                HAL_HCD_Disconnect_Callback
 .text.HAL_HCD_HC_NotifyURBChange_Callback
                0x08005094        0x4 ../../libDaisy/build/libdaisy.a(usbh_conf.o)
                0x08005094                HAL_HCD_HC_NotifyURBChange_Callback
 .text.HAL_HCD_PortEnabled_Callback
                0x08005098        0x8 ../../libDaisy/build/libdaisy.a(usbh_conf.o)
                0x08005098                HAL_HCD_PortEnabled_Callback
 .text.HAL_HCD_PortDisabled_Callback
                0x080050a0        0x8 ../../libDaisy/build/libdaisy.a(usbh_conf.o)
                0x080050a0                HAL_HCD_PortDisabled_Callback
 .text.USBH_LL_Stop
                0x080050a8       0x18 ../../libDaisy/build/libdaisy.a(usbh_conf.o)
                0x080050a8                USBH_LL_Stop
 .text.dsy_hal_map_get_port
                0x080050c0       0x10 ../../libDaisy/build/libdaisy.a(hal_map.o)
                0x080050c0                dsy_hal_map_get_port
 .text.dsy_hal_map_get_pin
                0x080050d0       0x10 ../../libDaisy/build/libdaisy.a(hal_map.o)
                0x080050d0                dsy_hal_map_get_pin
 .text.dsy_hal_map_gpio_clk_enable
                0x080050e0      0x150 ../../libDaisy/build/libdaisy.a(hal_map.o)
                0x080050e0                dsy_hal_map_gpio_clk_enable
 .text.HAL_MspInit
                0x08005230        0x4 ../../libDaisy/build/libdaisy.a(stm32h7xx_hal.o)
                0x08005230                HAL_MspInit
 .text.HAL_InitTick
                0x08005234       0x54 ../../libDaisy/build/libdaisy.a(stm32h7xx_hal.o)
                0x08005234                HAL_InitTick
 .text.HAL_Init
                0x08005288       0x6c ../../libDaisy/build/libdaisy.a(stm32h7xx_hal.o)
                0x08005288                HAL_Init
 .text.HAL_IncTick
                0x080052f4       0x18 ../../libDaisy/build/libdaisy.a(stm32h7xx_hal.o)
                0x080052f4                HAL_IncTick
 .text.HAL_GetTick
                0x0800530c        0xc ../../libDaisy/build/libdaisy.a(stm32h7xx_hal.o)
                0x0800530c                HAL_GetTick
 .text.HAL_Delay
                0x08005318       0x24 ../../libDaisy/build/libdaisy.a(stm32h7xx_hal.o)
                0x08005318                HAL_Delay
 .text.HAL_GetREVID
                0x0800533c        0xc ../../libDaisy/build/libdaisy.a(stm32h7xx_hal.o)
                0x0800533c                HAL_GetREVID
 .text.HAL_ADC_ConfigChannel
                0x08005348      0x400 ../../libDaisy/build/libdaisy.a(stm32h7xx_hal_adc.o)
                0x08005348                HAL_ADC_ConfigChannel
 .text.ADC_ConfigureBoostMode
                0x08005748      0x178 ../../libDaisy/build/libdaisy.a(stm32h7xx_hal_adc.o)
                0x08005748                ADC_ConfigureBoostMode
 .text.HAL_ADC_Init
                0x080058c0      0x264 ../../libDaisy/build/libdaisy.a(stm32h7xx_hal_adc.o)
                0x080058c0                HAL_ADC_Init
 .text.HAL_ADCEx_MultiModeConfigChannel
                0x08005b24       0xe0 ../../libDaisy/build/libdaisy.a(stm32h7xx_hal_adc_ex.o)
                0x08005b24                HAL_ADCEx_MultiModeConfigChannel
 .text.HAL_NVIC_SetPriorityGrouping
                0x08005c04       0x24 ../../libDaisy/build/libdaisy.a(stm32h7xx_hal_cortex.o)
                0x08005c04                HAL_NVIC_SetPriorityGrouping
 .text.HAL_NVIC_SetPriority
                0x08005c28       0x60 ../../libDaisy/build/libdaisy.a(stm32h7xx_hal_cortex.o)
                0x08005c28                HAL_NVIC_SetPriority
 .text.HAL_NVIC_EnableIRQ
                0x08005c88       0x1c ../../libDaisy/build/libdaisy.a(stm32h7xx_hal_cortex.o)
                0x08005c88                HAL_NVIC_EnableIRQ
 .text.HAL_NVIC_DisableIRQ
                0x08005ca4       0x24 ../../libDaisy/build/libdaisy.a(stm32h7xx_hal_cortex.o)
                0x08005ca4                HAL_NVIC_DisableIRQ
 .text.HAL_SYSTICK_Config
                0x08005cc8       0x2c ../../libDaisy/build/libdaisy.a(stm32h7xx_hal_cortex.o)
                0x08005cc8                HAL_SYSTICK_Config
 .text.HAL_MPU_Disable
                0x08005cf4       0x1c ../../libDaisy/build/libdaisy.a(stm32h7xx_hal_cortex.o)
                0x08005cf4                HAL_MPU_Disable
 .text.HAL_MPU_Enable
                0x08005d10       0x20 ../../libDaisy/build/libdaisy.a(stm32h7xx_hal_cortex.o)
                0x08005d10                HAL_MPU_Enable
 .text.HAL_MPU_ConfigRegion
                0x08005d30       0x64 ../../libDaisy/build/libdaisy.a(stm32h7xx_hal_cortex.o)
                0x08005d30                HAL_MPU_ConfigRegion
 .text.HAL_SYSTICK_Callback
                0x08005d94        0x4 ../../libDaisy/build/libdaisy.a(stm32h7xx_hal_cortex.o)
                0x08005d94                HAL_SYSTICK_Callback
 .text.HAL_SYSTICK_IRQHandler
                0x08005d98        0x8 ../../libDaisy/build/libdaisy.a(stm32h7xx_hal_cortex.o)
                0x08005d98                HAL_SYSTICK_IRQHandler
 .text.DMA_CalcBaseAndBitshift
                0x08005da0       0xfc ../../libDaisy/build/libdaisy.a(stm32h7xx_hal_dma.o)
 .text.DMA_CalcDMAMUXChannelBaseAndMask
                0x08005e9c       0xe0 ../../libDaisy/build/libdaisy.a(stm32h7xx_hal_dma.o)
 .text.HAL_DMA_Init
                0x08005f7c      0x338 ../../libDaisy/build/libdaisy.a(stm32h7xx_hal_dma.o)
                0x08005f7c                HAL_DMA_Init
 .text.HAL_DMA_Start_IT
                0x080062b4      0x280 ../../libDaisy/build/libdaisy.a(stm32h7xx_hal_dma.o)
                0x080062b4                HAL_DMA_Start_IT
 .text.HAL_DMA_Abort_IT
                0x08006534       0xf4 ../../libDaisy/build/libdaisy.a(stm32h7xx_hal_dma.o)
                0x08006534                HAL_DMA_Abort_IT
 .text.HAL_DMA_IRQHandler
                0x08006628      0x6bc ../../libDaisy/build/libdaisy.a(stm32h7xx_hal_dma.o)
                0x08006628                HAL_DMA_IRQHandler
 .text.HAL_DMA_GetError
                0x08006ce4        0x4 ../../libDaisy/build/libdaisy.a(stm32h7xx_hal_dma.o)
                0x08006ce4                HAL_DMA_GetError
 .text.HAL_GPIO_Init
                0x08006ce8      0x3f0 ../../libDaisy/build/libdaisy.a(stm32h7xx_hal_gpio.o)
                0x08006ce8                HAL_GPIO_Init
 .text.HAL_GPIO_DeInit
                0x080070d8      0x23c ../../libDaisy/build/libdaisy.a(stm32h7xx_hal_gpio.o)
                0x080070d8                HAL_GPIO_DeInit
 .text.HAL_GPIO_ReadPin
                0x08007314        0xc ../../libDaisy/build/libdaisy.a(stm32h7xx_hal_gpio.o)
                0x08007314                HAL_GPIO_ReadPin
 .text.HAL_GPIO_WritePin
                0x08007320        0x8 ../../libDaisy/build/libdaisy.a(stm32h7xx_hal_gpio.o)
                0x08007320                HAL_GPIO_WritePin
 .text.HAL_HCD_IRQHandler
                0x08007328      0x8a8 ../../libDaisy/build/libdaisy.a(stm32h7xx_hal_hcd.o)
                0x08007328                HAL_HCD_IRQHandler
 .text.HAL_HCD_Stop
                0x08007bd0       0x30 ../../libDaisy/build/libdaisy.a(stm32h7xx_hal_hcd.o)
                0x08007bd0                HAL_HCD_Stop
 .text.I2C_WaitOnTXISFlagUntilTimeout
                0x08007c00       0xd0 ../../libDaisy/build/libdaisy.a(stm32h7xx_hal_i2c.o)
 .text.I2C_WaitOnSTOPFlagUntilTimeout
                0x08007cd0       0xa8 ../../libDaisy/build/libdaisy.a(stm32h7xx_hal_i2c.o)
 .text.HAL_I2C_Init
                0x08007d78       0xc0 ../../libDaisy/build/libdaisy.a(stm32h7xx_hal_i2c.o)
                0x08007d78                HAL_I2C_Init
 .text.HAL_I2C_Master_Transmit
                0x08007e38      0x19c ../../libDaisy/build/libdaisy.a(stm32h7xx_hal_i2c.o)
                0x08007e38                HAL_I2C_Master_Transmit
 .text.HAL_I2C_Slave_Transmit
                0x08007fd4      0x1e0 ../../libDaisy/build/libdaisy.a(stm32h7xx_hal_i2c.o)
                0x08007fd4                HAL_I2C_Slave_Transmit
 .text.HAL_I2C_Master_Transmit_DMA
                0x080081b4      0x180 ../../libDaisy/build/libdaisy.a(stm32h7xx_hal_i2c.o)
                0x080081b4                HAL_I2C_Master_Transmit_DMA
 .text.HAL_I2C_Master_Receive_DMA
                0x08008334      0x180 ../../libDaisy/build/libdaisy.a(stm32h7xx_hal_i2c.o)
                0x08008334                HAL_I2C_Master_Receive_DMA
 .text.HAL_I2C_Slave_Transmit_DMA
                0x080084b4       0xd0 ../../libDaisy/build/libdaisy.a(stm32h7xx_hal_i2c.o)
                0x080084b4                HAL_I2C_Slave_Transmit_DMA
 .text.HAL_I2C_Slave_Receive_DMA
                0x08008584       0xd4 ../../libDaisy/build/libdaisy.a(stm32h7xx_hal_i2c.o)
                0x08008584                HAL_I2C_Slave_Receive_DMA
 .text.HAL_I2C_EV_IRQHandler
                0x08008658       0x1c ../../libDaisy/build/libdaisy.a(stm32h7xx_hal_i2c.o)
                0x08008658                HAL_I2C_EV_IRQHandler
 .text.I2C_DMASlaveTransmitCplt
                0x08008674       0x94 ../../libDaisy/build/libdaisy.a(stm32h7xx_hal_i2c.o)
 .text.I2C_DMASlaveReceiveCplt
                0x08008708       0xa4 ../../libDaisy/build/libdaisy.a(stm32h7xx_hal_i2c.o)
 .text.HAL_I2C_AddrCallback
                0x080087ac        0x4 ../../libDaisy/build/libdaisy.a(stm32h7xx_hal_i2c.o)
                0x080087ac                HAL_I2C_AddrCallback
 .text.I2C_ITAddrCplt.part.0.constprop.0
                0x080087b0       0x78 ../../libDaisy/build/libdaisy.a(stm32h7xx_hal_i2c.o)
 .text.HAL_I2C_ListenCpltCallback
                0x08008828        0x4 ../../libDaisy/build/libdaisy.a(stm32h7xx_hal_i2c.o)
                0x08008828                HAL_I2C_ListenCpltCallback
 .text.HAL_I2C_MemTxCpltCallback
                0x0800882c        0x4 ../../libDaisy/build/libdaisy.a(stm32h7xx_hal_i2c.o)
                0x0800882c                HAL_I2C_MemTxCpltCallback
 .text.HAL_I2C_MemRxCpltCallback
                0x08008830        0x4 ../../libDaisy/build/libdaisy.a(stm32h7xx_hal_i2c.o)
                0x08008830                HAL_I2C_MemRxCpltCallback
 .text.HAL_I2C_AbortCpltCallback
                0x08008834        0x4 ../../libDaisy/build/libdaisy.a(stm32h7xx_hal_i2c.o)
                0x08008834                HAL_I2C_AbortCpltCallback
 .text.I2C_ITError
                0x08008838      0x128 ../../libDaisy/build/libdaisy.a(stm32h7xx_hal_i2c.o)
 .text.I2C_ITSlaveCplt
                0x08008960      0x1b0 ../../libDaisy/build/libdaisy.a(stm32h7xx_hal_i2c.o)
 .text.I2C_Slave_ISR_IT
                0x08008b10      0x390 ../../libDaisy/build/libdaisy.a(stm32h7xx_hal_i2c.o)
 .text.I2C_ITMasterCplt
                0x08008ea0       0xf4 ../../libDaisy/build/libdaisy.a(stm32h7xx_hal_i2c.o)
 .text.I2C_Master_ISR_IT
                0x08008f94      0x280 ../../libDaisy/build/libdaisy.a(stm32h7xx_hal_i2c.o)
 .text.I2C_Slave_ISR_DMA
                0x08009214      0x258 ../../libDaisy/build/libdaisy.a(stm32h7xx_hal_i2c.o)
 .text.I2C_Master_ISR_DMA
                0x0800946c      0x270 ../../libDaisy/build/libdaisy.a(stm32h7xx_hal_i2c.o)
 .text.I2C_DMAError
                0x080096dc      0x11c ../../libDaisy/build/libdaisy.a(stm32h7xx_hal_i2c.o)
 .text.I2C_DMAMasterTransmitCplt
                0x080097f8       0x90 ../../libDaisy/build/libdaisy.a(stm32h7xx_hal_i2c.o)
 .text.I2C_DMAMasterReceiveCplt
                0x08009888       0x8c ../../libDaisy/build/libdaisy.a(stm32h7xx_hal_i2c.o)
 .text.I2C_DMAAbort
                0x08009914       0x28 ../../libDaisy/build/libdaisy.a(stm32h7xx_hal_i2c.o)
 .text.HAL_I2C_GetState
                0x0800993c        0x8 ../../libDaisy/build/libdaisy.a(stm32h7xx_hal_i2c.o)
                0x0800993c                HAL_I2C_GetState
 .text.HAL_I2CEx_ConfigAnalogFilter
                0x08009944       0x58 ../../libDaisy/build/libdaisy.a(stm32h7xx_hal_i2c_ex.o)
                0x08009944                HAL_I2CEx_ConfigAnalogFilter
 .text.HAL_I2CEx_ConfigDigitalFilter
                0x0800999c       0x54 ../../libDaisy/build/libdaisy.a(stm32h7xx_hal_i2c_ex.o)
                0x0800999c                HAL_I2CEx_ConfigDigitalFilter
 .text.HAL_PCD_IRQHandler
                0x080099f0      0x73c ../../libDaisy/build/libdaisy.a(stm32h7xx_hal_pcd.o)
                0x080099f0                HAL_PCD_IRQHandler
 .text.HAL_PCD_SetAddress
                0x0800a12c       0x34 ../../libDaisy/build/libdaisy.a(stm32h7xx_hal_pcd.o)
                0x0800a12c                HAL_PCD_SetAddress
 .text.HAL_PCD_EP_Open
                0x0800a160       0x7c ../../libDaisy/build/libdaisy.a(stm32h7xx_hal_pcd.o)
                0x0800a160                HAL_PCD_EP_Open
 .text.HAL_PCD_EP_Receive
                0x0800a1dc       0x58 ../../libDaisy/build/libdaisy.a(stm32h7xx_hal_pcd.o)
                0x0800a1dc                HAL_PCD_EP_Receive
 .text.HAL_PCD_EP_Transmit
                0x0800a234       0x50 ../../libDaisy/build/libdaisy.a(stm32h7xx_hal_pcd.o)
                0x0800a234                HAL_PCD_EP_Transmit
 .text.HAL_PCD_EP_SetStall
                0x0800a284       0x98 ../../libDaisy/build/libdaisy.a(stm32h7xx_hal_pcd.o)
                0x0800a284                HAL_PCD_EP_SetStall
 .text.HAL_PCD_EP_ClrStall
                0x0800a31c       0x78 ../../libDaisy/build/libdaisy.a(stm32h7xx_hal_pcd.o)
                0x0800a31c                HAL_PCD_EP_ClrStall
 .text.HAL_PCDEx_LPM_Callback
                0x0800a394        0x4 ../../libDaisy/build/libdaisy.a(stm32h7xx_hal_pcd_ex.o)
                0x0800a394                HAL_PCDEx_LPM_Callback
 .text.HAL_PWREx_ConfigSupply
                0x0800a398       0x4c ../../libDaisy/build/libdaisy.a(stm32h7xx_hal_pwr_ex.o)
                0x0800a398                HAL_PWREx_ConfigSupply
 .text.HAL_PWREx_EnableUSBVoltageDetector
                0x0800a3e4       0x10 ../../libDaisy/build/libdaisy.a(stm32h7xx_hal_pwr_ex.o)
                0x0800a3e4                HAL_PWREx_EnableUSBVoltageDetector
 .text.QSPI_Config
                0x0800a3f4      0x1b0 ../../libDaisy/build/libdaisy.a(stm32h7xx_hal_qspi.o)
 .text.HAL_QSPI_Init
                0x0800a5a4      0x100 ../../libDaisy/build/libdaisy.a(stm32h7xx_hal_qspi.o)
                0x0800a5a4                HAL_QSPI_Init
 .text.HAL_QSPI_DeInit
                0x0800a6a4       0x40 ../../libDaisy/build/libdaisy.a(stm32h7xx_hal_qspi.o)
                0x0800a6a4                HAL_QSPI_DeInit
 .text.HAL_QSPI_Command
                0x0800a6e4      0x100 ../../libDaisy/build/libdaisy.a(stm32h7xx_hal_qspi.o)
                0x0800a6e4                HAL_QSPI_Command
 .text.HAL_QSPI_Transmit
                0x0800a7e4      0x10c ../../libDaisy/build/libdaisy.a(stm32h7xx_hal_qspi.o)
                0x0800a7e4                HAL_QSPI_Transmit
 .text.HAL_QSPI_Receive
                0x0800a8f0      0x120 ../../libDaisy/build/libdaisy.a(stm32h7xx_hal_qspi.o)
                0x0800a8f0                HAL_QSPI_Receive
 .text.HAL_QSPI_AutoPolling
                0x0800aa10      0x128 ../../libDaisy/build/libdaisy.a(stm32h7xx_hal_qspi.o)
                0x0800aa10                HAL_QSPI_AutoPolling
 .text.HAL_QSPI_MemoryMapped
                0x0800ab38       0xbc ../../libDaisy/build/libdaisy.a(stm32h7xx_hal_qspi.o)
                0x0800ab38                HAL_QSPI_MemoryMapped
 .text.HAL_QSPI_ErrorCallback
                0x0800abf4        0x4 ../../libDaisy/build/libdaisy.a(stm32h7xx_hal_qspi.o)
                0x0800abf4                HAL_QSPI_ErrorCallback
 .text.QSPI_DMAAbortCplt
                0x0800abf8       0x38 ../../libDaisy/build/libdaisy.a(stm32h7xx_hal_qspi.o)
 .text.HAL_QSPI_AbortCpltCallback
                0x0800ac30        0x4 ../../libDaisy/build/libdaisy.a(stm32h7xx_hal_qspi.o)
                0x0800ac30                HAL_QSPI_AbortCpltCallback
 .text.HAL_QSPI_CmdCpltCallback
                0x0800ac34        0x4 ../../libDaisy/build/libdaisy.a(stm32h7xx_hal_qspi.o)
                0x0800ac34                HAL_QSPI_CmdCpltCallback
 .text.HAL_QSPI_RxCpltCallback
                0x0800ac38        0x4 ../../libDaisy/build/libdaisy.a(stm32h7xx_hal_qspi.o)
                0x0800ac38                HAL_QSPI_RxCpltCallback
 .text.HAL_QSPI_TxCpltCallback
                0x0800ac3c        0x4 ../../libDaisy/build/libdaisy.a(stm32h7xx_hal_qspi.o)
                0x0800ac3c                HAL_QSPI_TxCpltCallback
 .text.HAL_QSPI_FifoThresholdCallback
                0x0800ac40        0x4 ../../libDaisy/build/libdaisy.a(stm32h7xx_hal_qspi.o)
                0x0800ac40                HAL_QSPI_FifoThresholdCallback
 .text.HAL_QSPI_StatusMatchCallback
                0x0800ac44        0x4 ../../libDaisy/build/libdaisy.a(stm32h7xx_hal_qspi.o)
                0x0800ac44                HAL_QSPI_StatusMatchCallback
 .text.HAL_QSPI_TimeOutCallback
                0x0800ac48        0x4 ../../libDaisy/build/libdaisy.a(stm32h7xx_hal_qspi.o)
                0x0800ac48                HAL_QSPI_TimeOutCallback
 .text.HAL_QSPI_IRQHandler
                0x0800ac4c      0x248 ../../libDaisy/build/libdaisy.a(stm32h7xx_hal_qspi.o)
                0x0800ac4c                HAL_QSPI_IRQHandler
 .text.HAL_RCC_OscConfig
                0x0800ae94      0x518 ../../libDaisy/build/libdaisy.a(stm32h7xx_hal_rcc.o)
                0x0800ae94                HAL_RCC_OscConfig
 .text.HAL_RCC_GetSysClockFreq
                0x0800b3ac      0x120 ../../libDaisy/build/libdaisy.a(stm32h7xx_hal_rcc.o)
                0x0800b3ac                HAL_RCC_GetSysClockFreq
 .text.HAL_RCC_ClockConfig
                0x0800b4cc      0x22c ../../libDaisy/build/libdaisy.a(stm32h7xx_hal_rcc.o)
                0x0800b4cc                HAL_RCC_ClockConfig
 .text.HAL_RCC_GetHCLKFreq
                0x0800b6f8       0x2c ../../libDaisy/build/libdaisy.a(stm32h7xx_hal_rcc.o)
                0x0800b6f8                HAL_RCC_GetHCLKFreq
 .text.HAL_RCC_GetPCLK1Freq
                0x0800b724       0x3c ../../libDaisy/build/libdaisy.a(stm32h7xx_hal_rcc.o)
                0x0800b724                HAL_RCC_GetPCLK1Freq
 .text.HAL_RCC_GetPCLK2Freq
                0x0800b760       0x3c ../../libDaisy/build/libdaisy.a(stm32h7xx_hal_rcc.o)
                0x0800b760                HAL_RCC_GetPCLK2Freq
 .text.RCCEx_PLL2_Config.part.0
                0x0800b79c       0xe0 ../../libDaisy/build/libdaisy.a(stm32h7xx_hal_rcc_ex.o)
 .text.RCCEx_PLL3_Config.part.0
                0x0800b87c       0xe0 ../../libDaisy/build/libdaisy.a(stm32h7xx_hal_rcc_ex.o)
 .text.HAL_RCCEx_PeriphCLKConfig
                0x0800b95c      0xcd4 ../../libDaisy/build/libdaisy.a(stm32h7xx_hal_rcc_ex.o)
                0x0800b95c                HAL_RCCEx_PeriphCLKConfig
 .text.HAL_RCCEx_GetD3PCLK1Freq
                0x0800c630       0x24 ../../libDaisy/build/libdaisy.a(stm32h7xx_hal_rcc_ex.o)
                0x0800c630                HAL_RCCEx_GetD3PCLK1Freq
 .text.HAL_RCCEx_GetPLL2ClockFreq
                0x0800c654      0x138 ../../libDaisy/build/libdaisy.a(stm32h7xx_hal_rcc_ex.o)
                0x0800c654                HAL_RCCEx_GetPLL2ClockFreq
 .text.HAL_RCCEx_GetPLL3ClockFreq
                0x0800c78c      0x138 ../../libDaisy/build/libdaisy.a(stm32h7xx_hal_rcc_ex.o)
                0x0800c78c                HAL_RCCEx_GetPLL3ClockFreq
 .text.HAL_RCCEx_GetPLL1ClockFreq
                0x0800c8c4      0x138 ../../libDaisy/build/libdaisy.a(stm32h7xx_hal_rcc_ex.o)
                0x0800c8c4                HAL_RCCEx_GetPLL1ClockFreq
 .text.HAL_RCCEx_GetPeriphCLKFreq
                0x0800c9fc      0x15c ../../libDaisy/build/libdaisy.a(stm32h7xx_hal_rcc_ex.o)
                0x0800c9fc                HAL_RCCEx_GetPeriphCLKFreq
 .text.HAL_RCCEx_GetD1SysClockFreq
                0x0800cb58       0x2c ../../libDaisy/build/libdaisy.a(stm32h7xx_hal_rcc_ex.o)
                0x0800cb58                HAL_RCCEx_GetD1SysClockFreq
 .text.HAL_SAI_Init
                0x0800cb84      0x394 ../../libDaisy/build/libdaisy.a(stm32h7xx_hal_sai.o)
                0x0800cb84                HAL_SAI_Init
 .text.HAL_SAI_InitProtocol
                0x0800cf18      0x19c ../../libDaisy/build/libdaisy.a(stm32h7xx_hal_sai.o)
                0x0800cf18                HAL_SAI_InitProtocol
 .text.HAL_SAI_Transmit_DMA
                0x0800d0b4      0x10c ../../libDaisy/build/libdaisy.a(stm32h7xx_hal_sai.o)
                0x0800d0b4                HAL_SAI_Transmit_DMA
 .text.HAL_SAI_Receive_DMA
                0x0800d1c0       0xc4 ../../libDaisy/build/libdaisy.a(stm32h7xx_hal_sai.o)
                0x0800d1c0                HAL_SAI_Receive_DMA
 .text.HAL_SAI_TxCpltCallback
                0x0800d284        0x4 ../../libDaisy/build/libdaisy.a(stm32h7xx_hal_sai.o)
                0x0800d284                HAL_SAI_TxCpltCallback
 .text.SAI_DMATxCplt
                0x0800d288       0x60 ../../libDaisy/build/libdaisy.a(stm32h7xx_hal_sai.o)
 .text.HAL_SAI_TxHalfCpltCallback
                0x0800d2e8        0x4 ../../libDaisy/build/libdaisy.a(stm32h7xx_hal_sai.o)
                0x0800d2e8                HAL_SAI_TxHalfCpltCallback
 .text.SAI_DMATxHalfCplt
                0x0800d2ec        0xc ../../libDaisy/build/libdaisy.a(stm32h7xx_hal_sai.o)
 .text.SAI_DMARxCplt
                0x0800d2f8       0x60 ../../libDaisy/build/libdaisy.a(stm32h7xx_hal_sai.o)
 .text.SAI_DMARxHalfCplt
                0x0800d358        0xc ../../libDaisy/build/libdaisy.a(stm32h7xx_hal_sai.o)
 .text.HAL_SAI_ErrorCallback
                0x0800d364        0x4 ../../libDaisy/build/libdaisy.a(stm32h7xx_hal_sai.o)
                0x0800d364                HAL_SAI_ErrorCallback
 .text.SAI_DMAError
                0x0800d368       0x6c ../../libDaisy/build/libdaisy.a(stm32h7xx_hal_sai.o)
 .text.HAL_SDRAM_Init
                0x0800d3d4       0x54 ../../libDaisy/build/libdaisy.a(stm32h7xx_hal_sdram.o)
                0x0800d3d4                HAL_SDRAM_Init
 .text.HAL_SDRAM_SendCommand
                0x0800d428       0x44 ../../libDaisy/build/libdaisy.a(stm32h7xx_hal_sdram.o)
                0x0800d428                HAL_SDRAM_SendCommand
 .text.HAL_SDRAM_ProgramRefreshRate
                0x0800d46c       0x3c ../../libDaisy/build/libdaisy.a(stm32h7xx_hal_sdram.o)
                0x0800d46c                HAL_SDRAM_ProgramRefreshRate
 .text.FMC_SDRAM_Init
                0x0800d4a8       0x6c ../../libDaisy/build/libdaisy.a(stm32h7xx_ll_fmc.o)
                0x0800d4a8                FMC_SDRAM_Init
 .text.FMC_SDRAM_Timing_Init
                0x0800d514       0x78 ../../libDaisy/build/libdaisy.a(stm32h7xx_ll_fmc.o)
                0x0800d514                FMC_SDRAM_Timing_Init
 .text.FMC_SDRAM_SendCommand
                0x0800d58c       0x28 ../../libDaisy/build/libdaisy.a(stm32h7xx_ll_fmc.o)
                0x0800d58c                FMC_SDRAM_SendCommand
 .text.FMC_SDRAM_ProgramRefreshRate
                0x0800d5b4       0x14 ../../libDaisy/build/libdaisy.a(stm32h7xx_ll_fmc.o)
                0x0800d5b4                FMC_SDRAM_ProgramRefreshRate
 .text.USB_SetTurnaroundTime
                0x0800d5c8      0x104 ../../libDaisy/build/libdaisy.a(stm32h7xx_ll_usb.o)
                0x0800d5c8                USB_SetTurnaroundTime
 .text.USB_FlushTxFifo
                0x0800d6cc       0x34 ../../libDaisy/build/libdaisy.a(stm32h7xx_ll_usb.o)
                0x0800d6cc                USB_FlushTxFifo
 .text.USB_GetDevSpeed
                0x0800d700       0x24 ../../libDaisy/build/libdaisy.a(stm32h7xx_ll_usb.o)
                0x0800d700                USB_GetDevSpeed
 .text.USB_ActivateEndpoint
                0x0800d724       0x94 ../../libDaisy/build/libdaisy.a(stm32h7xx_ll_usb.o)
                0x0800d724                USB_ActivateEndpoint
 .text.USB_EPStartXfer
                0x0800d7b8      0x214 ../../libDaisy/build/libdaisy.a(stm32h7xx_ll_usb.o)
                0x0800d7b8                USB_EPStartXfer
 .text.USB_EP0StartXfer
                0x0800d9cc      0x100 ../../libDaisy/build/libdaisy.a(stm32h7xx_ll_usb.o)
                0x0800d9cc                USB_EP0StartXfer
 .text.USB_WritePacket
                0x0800dacc       0x28 ../../libDaisy/build/libdaisy.a(stm32h7xx_ll_usb.o)
                0x0800dacc                USB_WritePacket
 .text.USB_ReadPacket
                0x0800daf4       0x2c ../../libDaisy/build/libdaisy.a(stm32h7xx_ll_usb.o)
                0x0800daf4                USB_ReadPacket
 .text.USB_EPSetStall
                0x0800db20       0x68 ../../libDaisy/build/libdaisy.a(stm32h7xx_ll_usb.o)
                0x0800db20                USB_EPSetStall
 .text.USB_EPClearStall
                0x0800db88       0x58 ../../libDaisy/build/libdaisy.a(stm32h7xx_ll_usb.o)
                0x0800db88                USB_EPClearStall
 .text.USB_SetDevAddress
                0x0800dbe0       0x24 ../../libDaisy/build/libdaisy.a(stm32h7xx_ll_usb.o)
                0x0800dbe0                USB_SetDevAddress
 .text.USB_ReadInterrupts
                0x0800dc04       0x14 ../../libDaisy/build/libdaisy.a(stm32h7xx_ll_usb.o)
                0x0800dc04                USB_ReadInterrupts
 .text.USB_ReadDevAllOutEpInterrupt
                0x0800dc18       0x1c ../../libDaisy/build/libdaisy.a(stm32h7xx_ll_usb.o)
                0x0800dc18                USB_ReadDevAllOutEpInterrupt
 .text.USB_ReadDevAllInEpInterrupt
                0x0800dc34       0x1c ../../libDaisy/build/libdaisy.a(stm32h7xx_ll_usb.o)
                0x0800dc34                USB_ReadDevAllInEpInterrupt
 .text.USB_ReadDevOutEPInterrupt
                0x0800dc50       0x1c ../../libDaisy/build/libdaisy.a(stm32h7xx_ll_usb.o)
                0x0800dc50                USB_ReadDevOutEPInterrupt
 .text.USB_ReadDevInEPInterrupt
                0x0800dc6c       0x38 ../../libDaisy/build/libdaisy.a(stm32h7xx_ll_usb.o)
                0x0800dc6c                USB_ReadDevInEPInterrupt
 .text.USB_GetMode
                0x0800dca4        0x8 ../../libDaisy/build/libdaisy.a(stm32h7xx_ll_usb.o)
                0x0800dca4                USB_GetMode
 .text.USB_ActivateSetup
                0x0800dcac       0x34 ../../libDaisy/build/libdaisy.a(stm32h7xx_ll_usb.o)
                0x0800dcac                USB_ActivateSetup
 .text.USB_EP0_OutStart
                0x0800dce0       0x54 ../../libDaisy/build/libdaisy.a(stm32h7xx_ll_usb.o)
                0x0800dce0                USB_EP0_OutStart
 .text.USB_InitFSLSPClkSel
                0x0800dd34       0x44 ../../libDaisy/build/libdaisy.a(stm32h7xx_ll_usb.o)
                0x0800dd34                USB_InitFSLSPClkSel
 .text.USB_HC_ReadInterrupt
                0x0800dd78        0x8 ../../libDaisy/build/libdaisy.a(stm32h7xx_ll_usb.o)
                0x0800dd78                USB_HC_ReadInterrupt
 .text.USB_HC_Halt
                0x0800dd80       0xc0 ../../libDaisy/build/libdaisy.a(stm32h7xx_ll_usb.o)
                0x0800dd80                USB_HC_Halt
 .text.USB_StopHost
                0x0800de40       0xe0 ../../libDaisy/build/libdaisy.a(stm32h7xx_ll_usb.o)
                0x0800de40                USB_StopHost
 .text.USBD_SetClassConfig
                0x0800df20       0x1c ../../libDaisy/build/libdaisy.a(usbd_core.o)
                0x0800df20                USBD_SetClassConfig
 .text.USBD_ClrClassConfig
                0x0800df3c       0x10 ../../libDaisy/build/libdaisy.a(usbd_core.o)
                0x0800df3c                USBD_ClrClassConfig
 .text.USBD_LL_SetupStage
                0x0800df4c       0x68 ../../libDaisy/build/libdaisy.a(usbd_core.o)
                0x0800df4c                USBD_LL_SetupStage
 .text.USBD_LL_DataOutStage
                0x0800dfb4       0x80 ../../libDaisy/build/libdaisy.a(usbd_core.o)
                0x0800dfb4                USBD_LL_DataOutStage
 .text.USBD_LL_DataInStage
                0x0800e034       0xd4 ../../libDaisy/build/libdaisy.a(usbd_core.o)
                0x0800e034                USBD_LL_DataInStage
 .text.USBD_LL_Reset
                0x0800e108       0x50 ../../libDaisy/build/libdaisy.a(usbd_core.o)
                0x0800e108                USBD_LL_Reset
 .text.USBD_LL_SetSpeed
                0x0800e158        0x8 ../../libDaisy/build/libdaisy.a(usbd_core.o)
                0x0800e158                USBD_LL_SetSpeed
 .text.USBD_LL_Suspend
                0x0800e160       0x14 ../../libDaisy/build/libdaisy.a(usbd_core.o)
                0x0800e160                USBD_LL_Suspend
 .text.USBD_LL_Resume
                0x0800e174       0x10 ../../libDaisy/build/libdaisy.a(usbd_core.o)
                0x0800e174                USBD_LL_Resume
 .text.USBD_LL_SOF
                0x0800e184       0x1c ../../libDaisy/build/libdaisy.a(usbd_core.o)
                0x0800e184                USBD_LL_SOF
 .text.USBD_LL_IsoINIncomplete
                0x0800e1a0        0x4 ../../libDaisy/build/libdaisy.a(usbd_core.o)
                0x0800e1a0                USBD_LL_IsoINIncomplete
 .text.USBD_LL_IsoOUTIncomplete
                0x0800e1a4        0x4 ../../libDaisy/build/libdaisy.a(usbd_core.o)
                0x0800e1a4                USBD_LL_IsoOUTIncomplete
 .text.USBD_LL_DevConnected
                0x0800e1a8        0x4 ../../libDaisy/build/libdaisy.a(usbd_core.o)
                0x0800e1a8                USBD_LL_DevConnected
 .text.USBD_LL_DevDisconnected
                0x0800e1ac       0x18 ../../libDaisy/build/libdaisy.a(usbd_core.o)
                0x0800e1ac                USBD_LL_DevDisconnected
 .text.USBD_StdDevReq
                0x0800e1c4      0x308 ../../libDaisy/build/libdaisy.a(usbd_ctlreq.o)
                0x0800e1c4                USBD_StdDevReq
 .text.USBD_StdItfReq
                0x0800e4cc       0x70 ../../libDaisy/build/libdaisy.a(usbd_ctlreq.o)
                0x0800e4cc                USBD_StdItfReq
 .text.USBD_StdEPReq
                0x0800e53c      0x160 ../../libDaisy/build/libdaisy.a(usbd_ctlreq.o)
                0x0800e53c                USBD_StdEPReq
 .text.USBD_ParseSetupRequest
                0x0800e69c       0x18 ../../libDaisy/build/libdaisy.a(usbd_ctlreq.o)
                0x0800e69c                USBD_ParseSetupRequest
 .text.USBD_CtlSendData
                0x0800e6b4       0x1c ../../libDaisy/build/libdaisy.a(usbd_ioreq.o)
                0x0800e6b4                USBD_CtlSendData
 .text.USBD_CtlContinueSendData
                0x0800e6d0       0x10 ../../libDaisy/build/libdaisy.a(usbd_ioreq.o)
                0x0800e6d0                USBD_CtlContinueSendData
 .text.USBD_CtlContinueRx
                0x0800e6e0       0x10 ../../libDaisy/build/libdaisy.a(usbd_ioreq.o)
                0x0800e6e0                USBD_CtlContinueRx
 .text.USBD_CtlSendStatus
                0x0800e6f0       0x18 ../../libDaisy/build/libdaisy.a(usbd_ioreq.o)
                0x0800e6f0                USBD_CtlSendStatus
 .text.USBD_CtlReceiveStatus
                0x0800e708       0x18 ../../libDaisy/build/libdaisy.a(usbd_ioreq.o)
                0x0800e708                USBD_CtlReceiveStatus
 .text.USBH_LL_IncTimer
                0x0800e720       0x20 ../../libDaisy/build/libdaisy.a(usbh_core.o)
                0x0800e720                USBH_LL_IncTimer
 .text.USBH_LL_PortEnabled
                0x0800e740        0x8 ../../libDaisy/build/libdaisy.a(usbh_core.o)
                0x0800e740                USBH_LL_PortEnabled
 .text.USBH_LL_PortDisabled
                0x0800e748        0x8 ../../libDaisy/build/libdaisy.a(usbh_core.o)
                0x0800e748                USBH_LL_PortDisabled
 .text.USBH_LL_Connect
                0x0800e750       0x18 ../../libDaisy/build/libdaisy.a(usbh_core.o)
                0x0800e750                USBH_LL_Connect
 .text.USBH_LL_Disconnect
                0x0800e768       0x2c ../../libDaisy/build/libdaisy.a(usbh_core.o)
                0x0800e768                USBH_LL_Disconnect
 .text.USBH_FreePipe
                0x0800e794       0x18 ../../libDaisy/build/libdaisy.a(usbh_pipes.o)
                0x0800e794                USBH_FreePipe
 .text._ZN5daisy6Random4InitEv
                0x0800e7ac       0x3c ../../libDaisy/build/libdaisy.a(rng.o)
                0x0800e7ac                daisy::Random::Init()
 .text._ZN5daisy9SpiHandle4Impl7InitDmaEv
                0x0800e7e8       0xf4 ../../libDaisy/build/libdaisy.a(spi.o)
                0x0800e7e8                daisy::SpiHandle::Impl::InitDma()
 .text._ZN5daisy9SpiHandle4Impl10StartDmaTxEPhjPFvPvEPFvS3_NS0_6ResultEES3_
                0x0800e8dc       0x88 ../../libDaisy/build/libdaisy.a(spi.o)
                0x0800e8dc                daisy::SpiHandle::Impl::StartDmaTx(unsigned char*, unsigned int, void (*)(void*), void (*)(void*, daisy::SpiHandle::Result), void*)
 .text._ZN5daisy9SpiHandle4Impl10StartDmaRxEPhjPFvPvEPFvS3_NS0_6ResultEES3_
                0x0800e964       0x88 ../../libDaisy/build/libdaisy.a(spi.o)
                0x0800e964                daisy::SpiHandle::Impl::StartDmaRx(unsigned char*, unsigned int, void (*)(void*), void (*)(void*, daisy::SpiHandle::Result), void*)
 .text._ZN5daisy9SpiHandle4Impl12StartDmaRxTxEPhS2_jPFvPvEPFvS3_NS0_6ResultEES3_
                0x0800e9ec       0x84 ../../libDaisy/build/libdaisy.a(spi.o)
                0x0800e9ec                daisy::SpiHandle::Impl::StartDmaRxTx(unsigned char*, unsigned char*, unsigned int, void (*)(void*), void (*)(void*, daisy::SpiHandle::Result), void*)
 .text._ZN5daisy9SpiHandle4Impl8InitPinsEv
                0x0800ea70      0x238 ../../libDaisy/build/libdaisy.a(spi.o)
                0x0800ea70                daisy::SpiHandle::Impl::InitPins()
 .text.HAL_SPI_MspInit
                0x0800eca8      0x1a8 ../../libDaisy/build/libdaisy.a(spi.o)
                0x0800eca8                HAL_SPI_MspInit
 .text.dsy_spi_global_init
                0x0800ee50       0x60 ../../libDaisy/build/libdaisy.a(spi.o)
                0x0800ee50                dsy_spi_global_init
 .text.SPI1_IRQHandler
                0x0800eeb0        0xc ../../libDaisy/build/libdaisy.a(spi.o)
                0x0800eeb0                SPI1_IRQHandler
 .text.SPI2_IRQHandler
                0x0800eebc        0xc ../../libDaisy/build/libdaisy.a(spi.o)
                0x0800eebc                SPI2_IRQHandler
 .text.SPI3_IRQHandler
                0x0800eec8        0xc ../../libDaisy/build/libdaisy.a(spi.o)
                0x0800eec8                SPI3_IRQHandler
 .text.SPI4_IRQHandler
                0x0800eed4        0xc ../../libDaisy/build/libdaisy.a(spi.o)
                0x0800eed4                SPI4_IRQHandler
 .text.SPI5_IRQHandler
                0x0800eee0        0xc ../../libDaisy/build/libdaisy.a(spi.o)
                0x0800eee0                SPI5_IRQHandler
 .text.DMA2_Stream2_IRQHandler
                0x0800eeec       0x40 ../../libDaisy/build/libdaisy.a(spi.o)
                0x0800eeec                DMA2_Stream2_IRQHandler
 .text.DMA2_Stream3_IRQHandler
                0x0800ef2c       0x40 ../../libDaisy/build/libdaisy.a(spi.o)
                0x0800ef2c                DMA2_Stream3_IRQHandler
 .text.HAL_SPI_TxCpltCallback
                0x0800ef6c       0xc0 ../../libDaisy/build/libdaisy.a(spi.o)
                0x0800ef6c                HAL_SPI_TxCpltCallback
 .text.HAL_SPI_RxCpltCallback
                0x0800f02c       0xc0 ../../libDaisy/build/libdaisy.a(spi.o)
                0x0800f02c                HAL_SPI_RxCpltCallback
 .text.HAL_SPI_TxRxCpltCallback
                0x0800f0ec       0xc0 ../../libDaisy/build/libdaisy.a(spi.o)
                0x0800f0ec                HAL_SPI_TxRxCpltCallback
 .text.HAL_SPI_ErrorCallback
                0x0800f1ac       0xc8 ../../libDaisy/build/libdaisy.a(spi.o)
                0x0800f1ac                HAL_SPI_ErrorCallback
 *fill*         0x0800f274        0x4 
 .text.startup._GLOBAL__sub_I__Z19MapInstanceToHandleP11SPI_TypeDef
                0x0800f278      0x1cc ../../libDaisy/build/libdaisy.a(spi.o)
 .text.HAL_TIM_Base_MspInit
                0x0800f444      0x198 ../../libDaisy/build/libdaisy.a(tim.o)
                0x0800f444                HAL_TIM_Base_MspInit
 .text.HAL_TIM_PeriodElapsedCallback
                0x0800f5dc       0x44 ../../libDaisy/build/libdaisy.a(tim.o)
                0x0800f5dc                HAL_TIM_PeriodElapsedCallback
 .text.TIM2_IRQHandler
                0x0800f620        0xc ../../libDaisy/build/libdaisy.a(tim.o)
                0x0800f620                TIM2_IRQHandler
 .text.TIM3_IRQHandler
                0x0800f62c        0xc ../../libDaisy/build/libdaisy.a(tim.o)
                0x0800f62c                TIM3_IRQHandler
 .text.TIM4_IRQHandler
                0x0800f638        0xc ../../libDaisy/build/libdaisy.a(tim.o)
                0x0800f638                TIM4_IRQHandler
 .text.TIM5_IRQHandler
                0x0800f644        0xc ../../libDaisy/build/libdaisy.a(tim.o)
                0x0800f644                TIM5_IRQHandler
 .text._ZN5daisy11TimerHandle4InitERKNS0_6ConfigE
                0x0800f650       0xc4 ../../libDaisy/build/libdaisy.a(tim.o)
                0x0800f650                daisy::TimerHandle::Init(daisy::TimerHandle::Config const&)
 .text._ZN5daisy11TimerHandle5StartEv
                0x0800f714       0x24 ../../libDaisy/build/libdaisy.a(tim.o)
                0x0800f714                daisy::TimerHandle::Start()
 .text.startup._GLOBAL__sub_I__ZN5daisy11TimerHandle4Impl4InitERKNS0_6ConfigE
                0x0800f738       0x44 ../../libDaisy/build/libdaisy.a(tim.o)
 .text._ZL20UART_CheckRxListenerPN5daisy11UartHandler4ImplE
                0x0800f77c       0x88 ../../libDaisy/build/libdaisy.a(uart.o)
 .text._ZN5daisy11UartHandler4Impl10StartDmaTxEPhjPFvPvEPFvS3_NS0_6ResultEES3_
                0x0800f804      0x16c ../../libDaisy/build/libdaisy.a(uart.o)
                0x0800f804                daisy::UartHandler::Impl::StartDmaTx(unsigned char*, unsigned int, void (*)(void*), void (*)(void*, daisy::UartHandler::Result), void*)
 .text._ZN5daisy11UartHandler4Impl10StartDmaRxEPhjPFvPvEPFvS3_NS0_6ResultEES3_
                0x0800f970      0x16c ../../libDaisy/build/libdaisy.a(uart.o)
                0x0800f970                daisy::UartHandler::Impl::StartDmaRx(unsigned char*, unsigned int, void (*)(void*), void (*)(void*, daisy::UartHandler::Result), void*)
 .text._ZN5daisy11UartHandler4Impl19DmaTransferFinishedEP20__UART_HandleTypeDefNS0_6ResultE
                0x0800fadc       0xbc ../../libDaisy/build/libdaisy.a(uart.o)
                0x0800fadc                daisy::UartHandler::Impl::DmaTransferFinished(__UART_HandleTypeDef*, daisy::UartHandler::Result)
 .text._ZN5daisy11UartHandler4Impl8InitPinsEv
                0x0800fb98      0x174 ../../libDaisy/build/libdaisy.a(uart.o)
                0x0800fb98                daisy::UartHandler::Impl::InitPins()
 .text.HAL_UART_MspInit
                0x0800fd0c      0x214 ../../libDaisy/build/libdaisy.a(uart.o)
                0x0800fd0c                HAL_UART_MspInit
 .text.dsy_uart_global_init
                0x0800ff20       0xb8 ../../libDaisy/build/libdaisy.a(uart.o)
                0x0800ff20                dsy_uart_global_init
 .text.USART1_IRQHandler
                0x0800ffd8       0x30 ../../libDaisy/build/libdaisy.a(uart.o)
                0x0800ffd8                USART1_IRQHandler
 .text.USART2_IRQHandler
                0x08010008       0x38 ../../libDaisy/build/libdaisy.a(uart.o)
                0x08010008                USART2_IRQHandler
 .text.USART3_IRQHandler
                0x08010040       0x38 ../../libDaisy/build/libdaisy.a(uart.o)
                0x08010040                USART3_IRQHandler
 .text.UART4_IRQHandler
                0x08010078       0x38 ../../libDaisy/build/libdaisy.a(uart.o)
                0x08010078                UART4_IRQHandler
 .text.UART5_IRQHandler
                0x080100b0       0x38 ../../libDaisy/build/libdaisy.a(uart.o)
                0x080100b0                UART5_IRQHandler
 .text.USART6_IRQHandler
                0x080100e8       0x38 ../../libDaisy/build/libdaisy.a(uart.o)
                0x080100e8                USART6_IRQHandler
 .text.UART7_IRQHandler
                0x08010120       0x38 ../../libDaisy/build/libdaisy.a(uart.o)
                0x08010120                UART7_IRQHandler
 .text.UART8_IRQHandler
                0x08010158       0x38 ../../libDaisy/build/libdaisy.a(uart.o)
                0x08010158                UART8_IRQHandler
 .text.LPUART1_IRQHandler
                0x08010190       0x38 ../../libDaisy/build/libdaisy.a(uart.o)
                0x08010190                LPUART1_IRQHandler
 .text.DMA1_Stream5_IRQHandler
                0x080101c8       0x40 ../../libDaisy/build/libdaisy.a(uart.o)
                0x080101c8                DMA1_Stream5_IRQHandler
 .text.DMA2_Stream4_IRQHandler
                0x08010208       0x40 ../../libDaisy/build/libdaisy.a(uart.o)
                0x08010208                DMA2_Stream4_IRQHandler
 .text.HAL_UART_TxCpltCallback
                0x08010248        0x8 ../../libDaisy/build/libdaisy.a(uart.o)
                0x08010248                HAL_UART_TxCpltCallback
 .text.HAL_UART_RxCpltCallback
                0x08010250       0x94 ../../libDaisy/build/libdaisy.a(uart.o)
                0x08010250                HAL_UART_RxCpltCallback
 .text.HAL_UART_RxHalfCpltCallback
                0x080102e4       0x90 ../../libDaisy/build/libdaisy.a(uart.o)
                0x080102e4                HAL_UART_RxHalfCpltCallback
 .text.HAL_UART_ErrorCallback
                0x08010374        0x8 ../../libDaisy/build/libdaisy.a(uart.o)
                0x08010374                HAL_UART_ErrorCallback
 *fill*         0x0801037c        0x4 
 .text.startup._GLOBAL__sub_I__Z19MapInstanceToHandleP13USART_TypeDef
                0x08010380      0x1bc ../../libDaisy/build/libdaisy.a(uart.o)
 .text.dsy_dma_init
                0x0801053c      0x104 ../../libDaisy/build/libdaisy.a(dma.o)
                0x0801053c                dsy_dma_init
 .text.dsy_dma_invalidate_cache_for_buffer
                0x08010640       0x2c ../../libDaisy/build/libdaisy.a(dma.o)
                0x08010640                dsy_dma_invalidate_cache_for_buffer
 .text.HAL_MDMA_Abort_IT
                0x0801066c       0x28 ../../libDaisy/build/libdaisy.a(stm32h7xx_hal_mdma.o)
                0x0801066c                HAL_MDMA_Abort_IT
 .text.SPI_CloseTransfer
                0x08010694       0xc0 ../../libDaisy/build/libdaisy.a(stm32h7xx_hal_spi.o)
 .text.HAL_SPI_Init
                0x08010754      0x180 ../../libDaisy/build/libdaisy.a(stm32h7xx_hal_spi.o)
                0x08010754                HAL_SPI_Init
 .text.HAL_SPI_Transmit_DMA
                0x080108d4      0x158 ../../libDaisy/build/libdaisy.a(stm32h7xx_hal_spi.o)
                0x080108d4                HAL_SPI_Transmit_DMA
 .text.HAL_SPI_TransmitReceive_DMA
                0x08010a2c      0x1f4 ../../libDaisy/build/libdaisy.a(stm32h7xx_hal_spi.o)
                0x08010a2c                HAL_SPI_TransmitReceive_DMA
 .text.HAL_SPI_Receive_DMA
                0x08010c20      0x18c ../../libDaisy/build/libdaisy.a(stm32h7xx_hal_spi.o)
                0x08010c20                HAL_SPI_Receive_DMA
 .text.SPI_DMATransmitCplt
                0x08010dac       0x28 ../../libDaisy/build/libdaisy.a(stm32h7xx_hal_spi.o)
 .text.SPI_DMAReceiveCplt
                0x08010dd4       0x28 ../../libDaisy/build/libdaisy.a(stm32h7xx_hal_spi.o)
 .text.SPI_DMATransmitReceiveCplt
                0x08010dfc       0x28 ../../libDaisy/build/libdaisy.a(stm32h7xx_hal_spi.o)
 .text.HAL_SPI_TxHalfCpltCallback
                0x08010e24        0x4 ../../libDaisy/build/libdaisy.a(stm32h7xx_hal_spi.o)
                0x08010e24                HAL_SPI_TxHalfCpltCallback
 .text.SPI_DMAHalfTransmitCplt
                0x08010e28        0xc ../../libDaisy/build/libdaisy.a(stm32h7xx_hal_spi.o)
 .text.HAL_SPI_RxHalfCpltCallback
                0x08010e34        0x4 ../../libDaisy/build/libdaisy.a(stm32h7xx_hal_spi.o)
                0x08010e34                HAL_SPI_RxHalfCpltCallback
 .text.SPI_DMAHalfReceiveCplt
                0x08010e38        0xc ../../libDaisy/build/libdaisy.a(stm32h7xx_hal_spi.o)
 .text.HAL_SPI_TxRxHalfCpltCallback
                0x08010e44        0x4 ../../libDaisy/build/libdaisy.a(stm32h7xx_hal_spi.o)
                0x08010e44                HAL_SPI_TxRxHalfCpltCallback
 .text.SPI_DMAHalfTransmitReceiveCplt
                0x08010e48        0xc ../../libDaisy/build/libdaisy.a(stm32h7xx_hal_spi.o)
 .text.SPI_DMAError
                0x08010e54       0xd8 ../../libDaisy/build/libdaisy.a(stm32h7xx_hal_spi.o)
 .text.HAL_SPI_IRQHandler
                0x08010f2c      0x2b0 ../../libDaisy/build/libdaisy.a(stm32h7xx_hal_spi.o)
                0x08010f2c                HAL_SPI_IRQHandler
 .text.SPI_DMAAbortOnError
                0x080111dc       0x1c ../../libDaisy/build/libdaisy.a(stm32h7xx_hal_spi.o)
 .text.HAL_SPI_GetState
                0x080111f8        0x8 ../../libDaisy/build/libdaisy.a(stm32h7xx_hal_spi.o)
                0x080111f8                HAL_SPI_GetState
 .text.HAL_TIM_Base_Init
                0x08011200      0x12c ../../libDaisy/build/libdaisy.a(stm32h7xx_hal_tim.o)
                0x08011200                HAL_TIM_Base_Init
 .text.HAL_TIM_Base_Start
                0x0801132c       0x34 ../../libDaisy/build/libdaisy.a(stm32h7xx_hal_tim.o)
                0x0801132c                HAL_TIM_Base_Start
 .text.HAL_TIM_Base_Start_IT
                0x08011360       0x2c ../../libDaisy/build/libdaisy.a(stm32h7xx_hal_tim.o)
                0x08011360                HAL_TIM_Base_Start_IT
 .text.HAL_TIM_ConfigClockSource
                0x0801138c      0x1a4 ../../libDaisy/build/libdaisy.a(stm32h7xx_hal_tim.o)
                0x0801138c                HAL_TIM_ConfigClockSource
 .text.HAL_TIM_OC_DelayElapsedCallback
                0x08011530        0x4 ../../libDaisy/build/libdaisy.a(stm32h7xx_hal_tim.o)
                0x08011530                HAL_TIM_OC_DelayElapsedCallback
 .text.HAL_TIM_IC_CaptureCallback
                0x08011534        0x4 ../../libDaisy/build/libdaisy.a(stm32h7xx_hal_tim.o)
                0x08011534                HAL_TIM_IC_CaptureCallback
 .text.HAL_TIM_PWM_PulseFinishedCallback
                0x08011538        0x4 ../../libDaisy/build/libdaisy.a(stm32h7xx_hal_tim.o)
                0x08011538                HAL_TIM_PWM_PulseFinishedCallback
 .text.HAL_TIM_TriggerCallback
                0x0801153c        0x4 ../../libDaisy/build/libdaisy.a(stm32h7xx_hal_tim.o)
                0x0801153c                HAL_TIM_TriggerCallback
 .text.HAL_TIM_IRQHandler
                0x08011540      0x170 ../../libDaisy/build/libdaisy.a(stm32h7xx_hal_tim.o)
                0x08011540                HAL_TIM_IRQHandler
 .text.HAL_TIMEx_MasterConfigSynchronization
                0x080116b0       0x68 ../../libDaisy/build/libdaisy.a(stm32h7xx_hal_tim_ex.o)
                0x080116b0                HAL_TIMEx_MasterConfigSynchronization
 .text.HAL_TIMEx_CommutCallback
                0x08011718        0x4 ../../libDaisy/build/libdaisy.a(stm32h7xx_hal_tim_ex.o)
                0x08011718                HAL_TIMEx_CommutCallback
 .text.HAL_TIMEx_BreakCallback
                0x0801171c        0x4 ../../libDaisy/build/libdaisy.a(stm32h7xx_hal_tim_ex.o)
                0x0801171c                HAL_TIMEx_BreakCallback
 .text.HAL_TIMEx_Break2Callback
                0x08011720        0x4 ../../libDaisy/build/libdaisy.a(stm32h7xx_hal_tim_ex.o)
                0x08011720                HAL_TIMEx_Break2Callback
 .text.HAL_UART_Transmit_DMA
                0x08011724       0x98 ../../libDaisy/build/libdaisy.a(stm32h7xx_hal_uart.o)
                0x08011724                HAL_UART_Transmit_DMA
 .text.HAL_UART_Receive_DMA
                0x080117bc       0xa4 ../../libDaisy/build/libdaisy.a(stm32h7xx_hal_uart.o)
                0x080117bc                HAL_UART_Receive_DMA
 .text.UART_DMATransmitCplt
                0x08011860       0x2c ../../libDaisy/build/libdaisy.a(stm32h7xx_hal_uart.o)
 .text.HAL_UART_TxHalfCpltCallback
                0x0801188c        0x4 ../../libDaisy/build/libdaisy.a(stm32h7xx_hal_uart.o)
                0x0801188c                HAL_UART_TxHalfCpltCallback
 .text.UART_DMATxHalfCplt
                0x08011890        0xc ../../libDaisy/build/libdaisy.a(stm32h7xx_hal_uart.o)
 .text.UART_DMAReceiveCplt
                0x0801189c       0x38 ../../libDaisy/build/libdaisy.a(stm32h7xx_hal_uart.o)
 .text.UART_DMARxHalfCplt
                0x080118d4        0xc ../../libDaisy/build/libdaisy.a(stm32h7xx_hal_uart.o)
 .text.UART_DMAError
                0x080118e0       0x80 ../../libDaisy/build/libdaisy.a(stm32h7xx_hal_uart.o)
 .text.HAL_UART_IRQHandler
                0x08011960      0x234 ../../libDaisy/build/libdaisy.a(stm32h7xx_hal_uart.o)
                0x08011960                HAL_UART_IRQHandler
 .text.UART_DMAAbortOnError
                0x08011b94       0x14 ../../libDaisy/build/libdaisy.a(stm32h7xx_hal_uart.o)
 .text.HAL_UART_GetState
                0x08011ba8        0xc ../../libDaisy/build/libdaisy.a(stm32h7xx_hal_uart.o)
                0x08011ba8                HAL_UART_GetState
 .text.UART_SetConfig
                0x08011bb4      0x8b8 ../../libDaisy/build/libdaisy.a(stm32h7xx_hal_uart.o)
                0x08011bb4                UART_SetConfig
 .text.UART_AdvFeatureConfig
                0x0801246c       0xb0 ../../libDaisy/build/libdaisy.a(stm32h7xx_hal_uart.o)
                0x0801246c                UART_AdvFeatureConfig
 .text.UART_CheckIdleState
                0x0801251c       0x80 ../../libDaisy/build/libdaisy.a(stm32h7xx_hal_uart.o)
                0x0801251c                UART_CheckIdleState
 .text.HAL_UART_Init
                0x0801259c       0x68 ../../libDaisy/build/libdaisy.a(stm32h7xx_hal_uart.o)
                0x0801259c                HAL_UART_Init
 .text.HAL_UARTEx_WakeupCallback
                0x08012604        0x4 ../../libDaisy/build/libdaisy.a(stm32h7xx_hal_uart_ex.o)
                0x08012604                HAL_UARTEx_WakeupCallback
 .text.HAL_UARTEx_RxFifoFullCallback
                0x08012608        0x4 ../../libDaisy/build/libdaisy.a(stm32h7xx_hal_uart_ex.o)
                0x08012608                HAL_UARTEx_RxFifoFullCallback
 .text.HAL_UARTEx_TxFifoEmptyCallback
                0x0801260c        0x4 ../../libDaisy/build/libdaisy.a(stm32h7xx_hal_uart_ex.o)
                0x0801260c                HAL_UARTEx_TxFifoEmptyCallback
 .text.memset   0x08012610       0x10 /usr/lib/gcc/arm-none-eabi/15.2.0/../../../../arm-none-eabi/lib/thumb/v7e-m+dp/hard/libc_nano.a(libc_a-memset.o)
                0x08012610                memset
 .text.__libc_init_array
                0x08012620       0x48 /usr/lib/gcc/arm-none-eabi/15.2.0/../../../../arm-none-eabi/lib/thumb/v7e-m+dp/hard/libc_nano.a(libc_a-init.o)
                0x08012620                __libc_init_array
 .text.memcpy   0x08012668       0x1c /usr/lib/gcc/arm-none-eabi/15.2.0/../../../../arm-none-eabi/lib/thumb/v7e-m+dp/hard/libc_nano.a(libc_a-memcpy-stub.o)
                0x08012668                memcpy
 *(.rodata)
 .rodata        0x08012684      0x200 build/Neptune.o
 .rodata        0x08012884       0x16 ../../libDaisy/build/libdaisy.a(daisy_petal.o)
 *fill*         0x0801289a        0x2 
 .rodata        0x0801289c       0x10 ../../libDaisy/build/libdaisy.a(i2c.o)
 .rodata        0x080128ac       0x10 ../../libDaisy/build/libdaisy.a(tim.o)
 .rodata        0x080128bc       0x12 ../../libDaisy/build/libdaisy.a(uart.o)
 *(.rodata*)
 *fill*         0x080128ce        0x2 
 .rodata._ZN5daisy10DaisyPetal9ClearLedsEv.str1.4
                0x080128d0       0x15 ../../libDaisy/build/libdaisy.a(daisy_petal.o)
 *fill*         0x080128e5        0x3 
 .rodata._ZL20petal_led_i2c_config
                0x080128e8       0x14 ../../libDaisy/build/libdaisy.a(daisy_petal.o)
 .rodata._ZL16dsy_adc_rank_map
                0x080128fc       0x40 ../../libDaisy/build/libdaisy.a(adc.o)
 .rodata.CSWTCH.40
                0x0801293c       0x14 ../../libDaisy/build/libdaisy.a(sai.o)
 .rodata.CSWTCH.32
                0x08012950        0xc ../../libDaisy/build/libdaisy.a(sai.o)
 .rodata.CSWTCH.31
                0x0801295c        0x3 ../../libDaisy/build/libdaisy.a(sai.o)
 *fill*         0x0801295f        0x1 
 .rodata.D1CorePrescTable
                0x08012960       0x10 ../../libDaisy/build/libdaisy.a(system_stm32h7xx.o)
                0x08012960                D1CorePrescTable
 .rodata.gpio_hal_pin_map
                0x08012970       0x20 ../../libDaisy/build/libdaisy.a(hal_map.o)
 .rodata.gpio_hal_port_map
                0x08012990       0x30 ../../libDaisy/build/libdaisy.a(hal_map.o)
 .rodata.flagBitshiftOffset.0
                0x080129c0        0x8 ../../libDaisy/build/libdaisy.a(stm32h7xx_hal_dma.o)
 .rodata._ZL16pins_periphs_spi
                0x080129c8       0x60 ../../libDaisy/build/libdaisy.a(spi.o)
 .rodata._ZL13pins_none_spi
                0x08012a28        0x3 ../../libDaisy/build/libdaisy.a(spi.o)
 *fill*         0x08012a2b        0x5 
 .rodata.CSWTCH.95
                0x08012a30       0x58 ../../libDaisy/build/libdaisy.a(stm32h7xx_hal_uart.o)
 .rodata.CSWTCH.88
                0x08012a88       0x2c ../../libDaisy/build/libdaisy.a(stm32h7xx_hal_uart.o)
 *(.glue_7)
 .glue_7        0x08012ab4        0x0 linker stubs
 *(.glue_7t)
 .glue_7t       0x08012ab4        0x0 linker stubs
 *(.init)
 .init          0x08012ab4        0x4 /usr/lib/gcc/arm-none-eabi/15.2.0/thumb/v7e-m+dp/hard/crti.o
                0x08012ab4                _init
 .init          0x08012ab8        0x8 /usr/lib/gcc/arm-none-eabi/15.2.0/thumb/v7e-m+dp/hard/crtn.o
 *(.fini)
 .fini          0x08012ac0        0x4 /usr/lib/gcc/arm-none-eabi/15.2.0/thumb/v7e-m+dp/hard/crti.o
                0x08012ac0                _fini
 .fini          0x08012ac4        0x8 /usr/lib/gcc/arm-none-eabi/15.2.0/thumb/v7e-m+dp/hard/crtn.o
                0x08012acc                        . = ALIGN (0x4)
                0x08012acc                        _etext = .

.eh_frame       0x08012acc        0x0
 .eh_frame      0x08012acc        0x0 /usr/lib/gcc/arm-none-eabi/15.2.0/thumb/v7e-m+dp/hard/crtbegin.o

.vfp11_veneer   0x08012acc        0x0
 .vfp11_veneer  0x08012acc        0x0 linker stubs

.v4_bx          0x08012acc        0x0
 .v4_bx         0x08012acc        0x0 linker stubs

.iplt           0x08012acc        0x0
 .iplt          0x08012acc        0x0 /usr/lib/gcc/arm-none-eabi/15.2.0/thumb/v7e-m+dp/hard/crtbegin.o

.ARM.extab      0x08012acc        0x0
                0x08012acc                        . = ALIGN (0x4)
 *(.ARM.extab)
 *(.gnu.linkonce.armextab.*)
                0x08012acc                        . = ALIGN (0x4)

.exidx          0x08012acc        0x8
                0x08012acc                        . = ALIGN (0x4)
                [!provide]                        PROVIDE (__exidx_start = .)
 *(.ARM.exidx*)
 .ARM.exidx     0x08012acc        0x8 /usr/lib/gcc/arm-none-eabi/15.2.0/thumb/v7e-m+dp/hard/libgcc.a(_udivmoddi4.o)
                0x08012ad4                        . = ALIGN (0x4)
                [!provide]                        PROVIDE (__exidx_end = .)

.rel.dyn        0x08012ad4        0x0
 .rel.iplt      0x08012ad4        0x0 /usr/lib/gcc/arm-none-eabi/15.2.0/thumb/v7e-m+dp/hard/crtbegin.o

.ARM.attributes
                0x08012ad4       0x2e
 *(.ARM.attributes)
 .ARM.attributes
                0x08012ad4       0x20 /usr/lib/gcc/arm-none-eabi/15.2.0/thumb/v7e-m+dp/hard/crti.o
 .ARM.attributes
                0x08012af4       0x32 /usr/lib/gcc/arm-none-eabi/15.2.0/thumb/v7e-m+dp/hard/crtbegin.o
 .ARM.attributes
                0x08012b26       0x32 build/startup_stm32h750xx.o
 .ARM.attributes
                0x08012b58       0x32 build/Neptune.o
 .ARM.attributes
                0x08012b8a       0x32 ../../libDaisy/build/libdaisy.a(daisy_petal.o)
 .ARM.attributes
                0x08012bbc       0x32 ../../libDaisy/build/libdaisy.a(daisy_seed.o)
 .ARM.attributes
                0x08012bee       0x32 ../../libDaisy/build/libdaisy.a(codec_ak4556.o)
 .ARM.attributes
                0x08012c20       0x32 ../../libDaisy/build/libdaisy.a(codec_wm8731.o)
 .ARM.attributes
                0x08012c52       0x32 ../../libDaisy/build/libdaisy.a(sdram.o)
 .ARM.attributes
                0x08012c84       0x32 ../../libDaisy/build/libdaisy.a(audio.o)
 .ARM.attributes
                0x08012cb6       0x32 ../../libDaisy/build/libdaisy.a(ctrl.o)
 .ARM.attributes
                0x08012ce8       0x32 ../../libDaisy/build/libdaisy.a(encoder.o)
 .ARM.attributes
                0x08012d1a       0x32 ../../libDaisy/build/libdaisy.a(switch.o)
 .ARM.attributes
                0x08012d4c       0x32 ../../libDaisy/build/libdaisy.a(adc.o)
 .ARM.attributes
                0x08012d7e       0x32 ../../libDaisy/build/libdaisy.a(gpio.o)
 .ARM.attributes
                0x08012db0       0x32 ../../libDaisy/build/libdaisy.a(i2c.o)
 .ARM.attributes
                0x08012de2       0x32 ../../libDaisy/build/libdaisy.a(qspi.o)
 .ARM.attributes
                0x08012e14       0x32 ../../libDaisy/build/libdaisy.a(sai.o)
 .ARM.attributes
                0x08012e46       0x32 ../../libDaisy/build/libdaisy.a(system.o)
 .ARM.attributes
                0x08012e78       0x32 ../../libDaisy/build/libdaisy.a(system_stm32h7xx.o)
 .ARM.attributes
                0x08012eaa       0x32 ../../libDaisy/build/libdaisy.a(usbd_conf.o)
 .ARM.attributes
                0x08012edc       0x32 ../../libDaisy/build/libdaisy.a(usbh_conf.o)
 .ARM.attributes
                0x08012f0e       0x32 ../../libDaisy/build/libdaisy.a(hal_map.o)
 .ARM.attributes
                0x08012f40       0x32 ../../libDaisy/build/libdaisy.a(stm32h7xx_hal.o)
 .ARM.attributes
                0x08012f72       0x32 ../../libDaisy/build/libdaisy.a(stm32h7xx_hal_adc.o)
 .ARM.attributes
                0x08012fa4       0x32 ../../libDaisy/build/libdaisy.a(stm32h7xx_hal_adc_ex.o)
 .ARM.attributes
                0x08012fd6       0x32 ../../libDaisy/build/libdaisy.a(stm32h7xx_hal_cortex.o)
 .ARM.attributes
                0x08013008       0x32 ../../libDaisy/build/libdaisy.a(stm32h7xx_hal_dma.o)
 .ARM.attributes
                0x0801303a       0x32 ../../libDaisy/build/libdaisy.a(stm32h7xx_hal_gpio.o)
 .ARM.attributes
                0x0801306c       0x32 ../../libDaisy/build/libdaisy.a(stm32h7xx_hal_hcd.o)
 .ARM.attributes
                0x0801309e       0x32 ../../libDaisy/build/libdaisy.a(stm32h7xx_hal_i2c.o)
 .ARM.attributes
                0x080130d0       0x32 ../../libDaisy/build/libdaisy.a(stm32h7xx_hal_i2c_ex.o)
 .ARM.attributes
                0x08013102       0x32 ../../libDaisy/build/libdaisy.a(stm32h7xx_hal_pcd.o)
 .ARM.attributes
                0x08013134       0x32 ../../libDaisy/build/libdaisy.a(stm32h7xx_hal_pcd_ex.o)
 .ARM.attributes
                0x08013166       0x32 ../../libDaisy/build/libdaisy.a(stm32h7xx_hal_pwr_ex.o)
 .ARM.attributes
                0x08013198       0x32 ../../libDaisy/build/libdaisy.a(stm32h7xx_hal_qspi.o)
 .ARM.attributes
                0x080131ca       0x32 ../../libDaisy/build/libdaisy.a(stm32h7xx_hal_rcc.o)
 .ARM.attributes
                0x080131fc       0x32 ../../libDaisy/build/libdaisy.a(stm32h7xx_hal_rcc_ex.o)
 .ARM.attributes
                0x0801322e       0x32 ../../libDaisy/build/libdaisy.a(stm32h7xx_hal_sai.o)
 .ARM.attributes
                0x08013260       0x32 ../../libDaisy/build/libdaisy.a(stm32h7xx_hal_sdram.o)
 .ARM.attributes
                0x08013292       0x32 ../../libDaisy/build/libdaisy.a(stm32h7xx_ll_fmc.o)
 .ARM.attributes
                0x080132c4       0x32 ../../libDaisy/build/libdaisy.a(stm32h7xx_ll_usb.o)
 .ARM.attributes
                0x080132f6       0x32 ../../libDaisy/build/libdaisy.a(usbd_core.o)
 .ARM.attributes